ainIMakeUnus                    ALTER INDEX MAKE UNUSABLE for a non-partitioned index
apadrv [SQL_APA]
apakkoqb [SQL_APA]
apaqbd [SQL_APA]
apaqbdDescendents [SQL_APA]
apaqbdList [SQL_APA]
atbdrv alter table driver.
ctcatim_alter_table_ind_maint   index maintenance on a partitioned table - alter table
ctcdrv             ctcdrv - Create Table or Cluster DRiVer.  
dbgeEndDDEInvocation [diag_dde]
dbgeEndDDEInvocationImpl [diag_dde]
dbgeExecuteForError [diag_dde]
dbgePostErrorKGE [diag_dde]
dbgexExplicitEndInc [diag_dde]
dbgexProcessError [diag_dde]
dbkePostKGE_kgsf [rdbms_dde]
delexe             delexe.c - delete execute [DML]
delrow             delrow - Row Procedure used by KXRD to delete or lock a
evaopn2            evaluate operand
hshuid [PLSQL_KG_Interface]
insexe [DML]
kaudel             ? Module Notes: perform inserts, updates, and deletes, modifying indexes on tables
kcbchg1 [CACHE_RCV]
kcbchg1_main [CACHE_RCV]
kcbflc_keep_all [CACHE_RCV]
kcbflc_keep_range [CACHE_RCV]
kcbgtcr [CACHE_RCV]
kcbldrget [CACHE_RCV]
kcblgt [CACHE_RCV]
kcblin [CACHE_RCV]
kcblin_internal [CACHE_RCV]
kcblrd [CACHE_RCV]
kcbnew [CACHE_RCV]
kcbr_apply_change [CACHE_RCV]
kcbr_media_apply [CACHE_RCV]
kdicdrv            KDI: create index driver routine
kdicrws            KDI: create index using row source
kdla_read [LOB_KDLA]
kdliReadX [LOB_INODE]
kdliXfmCheck [LOB_INODE]
kdli_readx [LOB_INODE]
kdlw_read [LOB_KDLW]
kdlw_read_data [LOB_KDLW]
kdlxDecompress1 [LOB_KDLX]
kdlxDecompressCbk [LOB_KDLX]
kdlxDecompressSUnit [LOB_KDLX]
kdlxDecompressUnit [LOB_KDLX]
kdlx_read [LOB_KDLX]
kdlxdup_read [LOB_KDLXDUP]
kesaiExecAction [SQL_Manage_Infra]
kesaiTuneSqlDrv [SQL_Manage_Infra]
kestsTuneSqlDrv [SQL_Tune]
kestsiIndexAnalyzeDrv [SQL_Tune_Index]
kfddsGet [ASM]
kfioRequest [ASM]
kfioRequestPriv [ASM]
kfioRqSetPrepare [ASM]
kfioSubmitIO [ASM]
kfioTranslateIO [ASM]
kfkOpenErrRet [KFK]
kfk_check_load_lib [KFK]
kfk_check_load_lib_asminst [KFK]
kfk_load_by_idx_in_pga [KFK]
kfk_oss_initialize [KFK]
kfpkgDGReadFile [ASM]
kgerinv            kgerinv - KGE Record Internal (Named) error (with Va_list)
kgesinv            kgesinv - KGE Signal Internal (Named) error (with VA_list)
kghalf             KGH: Non-recoverably allocate a freeable chunk of memory 
kghalo             KGH: main allocation entry point
kghasp [KGH]
kghbigasp [KGH]
kgherror [KGH]
kghfnd             KGH: Find a chunk of at least the minimum size
kghfre [KGH]
kghfrh [KGH]
kghfrh_internal [KGH]
kghfrmrg [KGH]
kghfrunp           KGH: Ask client to free unpinned space
kghfrx             Free extent.  This is called  when a heap is  unpinned to request that it
kghgex             KGH: Get a new extent
kghnerror [KGH]
kghssgfr [KGH]
kglMutexCleanupAll [LIBCACHE]
kglMutexRecovery [LIBCACHE]
kglOnErrorMutexCleanup [LIBCACHE]
kgldafr [LIBCACHE]
kgldon [LIBCACHE]
kgldpo [LIBCACHE]
kgldpo0 [LIBCACHE]
kglgob [LIBCACHE]
kglhdd [LIBCACHE]
kglhdda [LIBCACHE]
kglhpd             kglhpd - KGL HeaP Deallocate */
kgllccl [LIBCACHE]
kgllkdl [LIBCACHE]
kgllkds [LIBCACHE]
kglobal            kglobal - KGL OBject AlLocate
kglobcl            kglobcl - KGL OBject CLear all tables */
kglobf0            kglobf0 - KGL OBject Free heap/data block 0 of an object
kglobf0 [LIBCACHE]
kglobfr            kglobfr - KGL OBject FRee all heaps (except data block 0`s) of an object
kglobld [LIBCACHE]
kglobpn            KGL2: OBject PiN heaps and load data pieces [LIBCACHE]
kglpim             KGL: PIn and load More heaps
kglpim [LIBCACHE]
kglpin             KGL: PIN heaps and load data pieces of an object [LIBCACHE]
kglpndl [LIBCACHE]
kglpnds [LIBCACHE]
kglrfcl            kglrfcl - KGL ReFerence CLear
kkdcico            Kkdc Insert COnstraint definition.
kkmupd [SQL_Semantic]
kkmups [SQL_Semantic]
kkofmp [SQL_Costing]
kkoiqb [SQL_Costing]
kkoixo [SQL_Costing]
kkooqb [SQL_Costing]
kkoqbc [SQL_Costing]
kkpalt [PART]
kkpamDGSPam [PART]
kkpamFRange [PART]
kkpamRFGet [PART]
kkpapDAFkk [PART]
kkpapDAFkkSLvl [PART]
kkpapFMParts [PART]
kkpapSetBounds [PART]
kkpoati_alter_table_index_maint index maintenance driver
kkpomiu_mark_index_unusable     Marks an index unusable
kkqctdrvIT [SQL_Transform]
kkqctdrvJF [SQL_Transform]
kkqctdrvTD [SQL_Transform]
kkqcttcalo [SQL_Transform]
kkqdrv [SQL_Transform]
kkqjfUnitTrans [SQL_Transform]
kkqjfdrv [SQL_Transform]
kkqjfgdtr [SQL_Transform]
kkqjfpt [SQL_Transform]
kkqtutlPerformSetOp [SQL_Transform]
kkqtutlPerformSetOpOnList [SQL_Transform]
kksFullTypeCheck [cursor]
kksLoadChild [cursor]
kksOnErrorMutexCleanup [cursor]
kksParentHandleFreeCbk [cursor]
kksParseChildCursor [cursor]
kksParseCursor     KKS: Parse Cursor
kksSetBindType [cursor]
kksfbc             KKS: Find Bound Cursor
kkspsc0 [cursor]
kkxrpc             ARGSUSED
kllcqgf [DIRPATH_LOAD]
klmalf [DIRPATH_LOAD]
kohalc             KOH: ALlocate memory Chunk
kohdtg             KOH: DuRation Table Get an duration entry
kokltcc [OBJECTS_Types]
kokltcr [OBJECTS_Types]
kokmrwo [OBJECTS_Types]
kokmrwo_agg [OBJECTS_Types]
koltitcr [OBJECTS_Types]
kolttcr [OBJECTS_Types]
kpoal8             kpoal8.c - Kernel Programmatic Oracle ALl Version 8
kporpc             kporpc.c - The oracle side function to start rpc
kqlUpdateStubs [LIBCACHE]
kqlvld [LIBCACHE]
ksbabs [background_proc]
ksbrdp [background_proc]
ksedmp             # KSE: dump the process state
ksedst             # KSE: dump the call stack
ksepop [KSE]
ksesin             # KSE: signal an internal error (named)
ksfd_io [VOS]
ksfd_kfioRequest [VOS]
ksfd_osmio [VOS]
ksfdread [VOS]
ksmsgfr [KSM]
kssdch [VOS]
kssdel [VOS]
kssxdl [VOS]
ksucln [ksu]
ksucln_dpc [ksu]
ksucln_dpc_cleanup [ksu]
ksucln_dpc_dfs [ksu]
ksucln_dpc_main [ksu]
ksudlp [ksu]
ksudss system state dump
ksuxda_del_proc [ksu]
ksuxdl [ksu]
ksuxds [ksu]
ksvrdp [ksv_trace]
ktsiseg_info                    KTS Segment INFo
ktsisegstg                      Given a ktid fills the stgdef
kxfpProcessError [Parallel_Execution]
kxfpProcessMsg [Parallel_Execution]
kxfpValidateSlaveGroup [Parallel_Execution]
kxfpgsg [Parallel_Execution]
kxfpqdqr [Parallel_Execution]
kxfpqidqr [Parallel_Execution]
kxfrAllocSlaves [Parallel_Execution]
kxfralo [Parallel_Execution]
kxfrialo [Parallel_Execution]
kxfxcp [Parallel_Execution]
kxfxgs [Parallel_Execution]
kxsGetRuntimeLock [cursor]
main               # Standard executable entry point
opidrv             # opidrv - ORACLE Program Interface DRiVer (IGNORE)
opiexe             opiexe - ORACLE Program Interface EXEcute
opifch             OPIFCH: oracle side of the fetch interface
opifch2            program interface oracle fetch - main routine
opiino             opiino - ORACLE Program Interface INitialize Opi
opimai              
opimai_real       
opiodr             OPIODR: ORACLE code request driver - route the current request
opiosq             OPIOSQ: prepare to parse a sql command
opiosq0            OPI: prepare to parse a sql command
opirip             # Oracle Program Interface Run Independent Process (IGNORE)
opitsk             opitsk - Two Task Oracle Side Function Dispatcher
pcicmp0 [PLSQL_Infrastructure]
pefcal [PLSQL_External_Proc]
pefccal [PLSQL_External_Proc]
peftrusted [PLSQL_External_Proc]
peicnt [PLSQL_Code_Execution]
pevm_BFTCHC [PLSQL_Code_Execution]
pevm_FCAL [PLSQL_Code_Execution]
pextproc [PLSQL_Code_Execution]
pfrinstr_FCAL [PLSQL_Code_Execution]
pfrinstr_FTCHC [PLSQL_Code_Execution]
pfrrun [PLSQL_Code_Execution]
pfrrun_no_tool [PLSQL_Code_Execution]
phf_read_items [PLSQL_Infrastructure]
phpcmp [PLSQL_Infrastructure]
plsql_run          single entry point for top level pfrrun and penrun [PLSQL_PSD_Standalones]
pricbr             PL/SQL Remote Interface - Call Back, Remote
prient             prient - Run given (RPC) entrypoint
prient2            prient2 - common code to run given entrypoint: could be RPC or non-RPC
psddr0 [PLSQL_PSD_Generic]
psdexsp [PLSQL_PSD_Generic]
psdextp [PLSQL_PSD_Generic]
psdnal [PLSQL_PSD_Generic]
qerdlFetch [SQL_Execution]
qerghFetch [SQL_Execution]
qerghRowP [SQL_Execution]
qerghStart [SQL_Execution]
qergiFetch [PART]
qerhjFetch [SQL_Execution]
qerhjStart [SQL_Execution]
qerjoFetch         Fetch from join row source
qerjotFetch [SQL_Execution]
qerliFetch         QERLI: parallel create index fetch
qerltcFetch [SQL_Execution]
qerltcNoKdtBufferedInsRowCBK [SQL_Execution]
qerocFetch [SQL_Execution]
qerocnFetch [SQL_Execution]
qerpxSendParse [Parallel_Execution]
qerpxStart [Parallel_Execution]
qerpx_rowsrc_start [Parallel_Execution]
qersoFetch         QERSO: Fetch from a sort row source [SQL_Execution]
qersoProcessULS    process underlying row source
qersoProcessULS [SQL_Execution]
qertbFetch [SQL_Execution]
qeruaFetch [SQL_Execution]
qerupFetch [SQL_Execution]
qervwFetch [SQL_Execution]
qervwRestoreViewBufPtrs [SQL_Execution]
qeshBufferAlloc [SQL_Execution]
qeshLoadRowForGBY [SQL_Execution]
qeshPTInsertURowForGBY [SQL_Execution]
qeshfFindFreeSlot [SQL_Execution]
qeshsAddChunk [SQL_Execution]
qeshsFindFreeSlot [SQL_Execution]
qesltcLoadIndexList [SQL_Execution]
qesltcLoadIndexes [SQL_Execution]
qkaconPreUA [SQL_Code_Generator]
qkadrv [SQL_Code_Generator]
qkaffsindex [SQL_Code_Generator]
qkagby [SQL_Code_Generator]
qkajoi [SQL_Code_Generator]
qkaqkn [SQL_Code_Generator]
qkatab [SQL_Code_Generator]
qksanAnalyzeSql [SQL_Analyze]
qksanExecSql [SQL_Analyze]
qksvcDoReplace [SQL_Virtual]
qksvcReplaceIndexExpr [SQL_Virtual]
rpidrus            RPI: Recursive program handling (unclear)
rpidrv             RPI: Recursive Program Interface DRiVer
rpiswu2            RPI: SWitch User in recursive sql
sighandler         ? Module Notes: Missing Information
skgmstack          skgmstack - call specified function with extra STACK 
skgpnumcpu returns the number of CPUs
sou2o              # Main Oracle executable entry point
ssexhd             # ** DUMP ROUTINE - IGNORE stuff above this on the stack
start              # C program entry point (IGNORE)
ttcpip             TTCPIP: Two Task Common PIPe read/write
updCheckConstraints [DML]
updConstraintsAndART [DML]
updThreePhaseExe [DML]
updaul [DML]
updrow [DML]
