ainIMakeUnus                    ALTER INDEX MAKE UNUSABLE for a non-partitioned index
apadrv [SQL_APA] DRIVE THE ACCESS PATH SELECTION FOR A SQL COMMAND
apakkoqb [SQL_APA] Drive access path analysis for each Query block
apaqbd [SQL_APA]
apaqbdDescendents [SQL_APA]
apaqbdList [SQL_APA]
atbdrv alter table driver.
ctcatim_alter_table_ind_maint   index maintenance on a partitioned table - alter table
ctcdrv             ctcdrv - Create Table or Cluster DRiVer.  
dbgeEndDDEInvocation [diag_dde]
dbgeEndDDEInvocationImpl [diag_dde]
dbgeExecuteForError [diag_dde]
dbgePostErrorKGE [diag_dde] Post the error for DDE invocation from KGE
dbgexExplicitEndInc [diag_dde]
dbgexPhaseII       DBGEX Phase II
dbgexProcessError [diag_dde] Process the Error
dbkePostKGE_kgsf [rdbms_dde] DBKE Post KGE error for KGSF
dbkedDefDump       Do DDE default dump
delexe             delexe.c - delete execute [DML]
delrow             delrow - Row Procedure used by KXRD to delete or lock a
dreb_populate [Text]
drekmap [Text]
drepklm [Text]
drepprep [Text]
drextmain [Text]
drftdisp [Text]
evaopn2 evaluate operand
evapls             EVAluate any PLSql function
expepr             expepr evaluates the argument predicate.
hshuid [PLSQL_KG_Interface]
insexe [DML] insexe - insert execute
kaudel             ? Module Notes: perform inserts, updates, and deletes, modifying indexes on tables
kauupd KAU: update table and modify indexes
kcbAdoptBuffers [CACHE_RCV]
kcbapl                  Cache Buffers APpLy
kcbassertsd [CACHE_RCV]
kcbchg1 [CACHE_RCV]
kcbchg1_main [CACHE_RCV]
kcbflc_keep_all [CACHE_RCV]
kcbflc_keep_range [CACHE_RCV]
kcbgcur [CACHE_RCV] KCB: Get a block in current mode.
kcbgcurstdby [CACHE_RCV]
kcbgtcr [CACHE_RCV]
kcbldrget [CACHE_RCV]
kcblgt [CACHE_RCV]
kcblin [CACHE_RCV]
kcblin_internal [CACHE_RCV]
kcblrd [CACHE_RCV]
kcbnew [CACHE_RCV]
kcbr_apply_change [CACHE_RCV]
kcbr_media_apply [CACHE_RCV]
kcbrbr             kcbrbr: Reuse Block Range: Called by space management 
kcfbsy synch the control file with the SGA
kcfis_finalize_cached_sessions [KCFIS]
kcfmta mount all files
kco_blkchk              Cache Op block check
kcoapl                  Cache Op APpLy
kcoubk                  undo callback routine
kcra_dump_redo [CACHE_RCV]
kcra_dump_redo_internal [CACHE_RCV]
kcra_scan_redo [CACHE_RCV]
kcrfw_redo_gen          REDO GENeration
kdBlkCheckError         Block Check Error
kdblGetBlockDba [DIRPATH_LOAD]
kdblai [DIRPATH_LOAD]
kdblba [DIRPATH_LOAD]
kdddgb KDD: Kernel Data Delete Get Block
kdiblFinish1       KDIBL: Callback processing for KXIB
kdiblLockRange     KDIBL lock the range associated with a given dml target
kdiblcfls          kdiblcfls - KDIBL conventional flush batch with undo overhead
kdibliFinish       KXIB insert callback
kdicdrv            KDI: create index driver routine
kdiciitk_idx_ids_to_qerli PARALLEL CREATE INDEX  [SQL_Execution]
kdicrws            KDI: create index using row source
kdifind            At any given moment, each possible key has a unique ASSOCIATED BLOCK at a kdiblLockPiece      
kdl_write1         write into an ILOB instance
kdla_read [LOB_KDLA]
kdla_write [LOB_KDLA]
kdld_write [Data]
kdlf_write [Data] write data to a lob (via buffers or callbacks)
kdlgsp_init        Space management batching */
kdliAppendData [LOB_INODE]
kdliInjectBuffer [LOB_INODE]
kdliOpAppend [LOB_INODE]
kdliReadX [LOB_INODE]
kdliWriteData [LOB_INODE]
kdliWriteV [LOB_INODE]
kdliXfmCheck [LOB_INODE]
kdli_fwritev [LOB_INODE]
kdli_readx [LOB_INODE]
kdlrci_get_inline_data [LOB_KDLRCI]
kdlwFlush [LOB_KDLW]
kdlwFlushLobInt [LOB_KDLW]
kdlw_read [LOB_KDLW]
kdlw_read_data [LOB_KDLW]
kdlw_write [LOB_KDLW]
kdlxDecompress1 [LOB_KDLX]
kdlxDecompressCbk [LOB_KDLX]
kdlxDecompressSUnit [LOB_KDLX]
kdlxDecompressUnit [LOB_KDLX]
kdlx_read [LOB_KDLX]
kdlxdup_flush [LOB_KDLXDUP]
kdlxdup_read [LOB_KDLXDUP]
kdsgrp             Get row piece */
kdst_fetch Kernel Data Scan Table Fetch
kdugetpart         KDT: get partition information for a deleted/updated row
kdusru KDU: Single Row Update, main entry
kdzhGetBlockDba [ADVCMP_COMP]
kdzhailseb [ADVCMP_COMP]
kdzhbirc [ADVCMP_COMP]
kdzhcl [ADVCMP_COMP]
kebm_slave_main [MMON]
kernel             Kernel Service User management RESet Iterrupt in process
kesaiExecAction [SQL_Manage_Infra]
kesaiTuneSqlDrv [SQL_Manage_Infra]
kespmEvolveDrv [SQL_Perf]
kestsTuneSqlDrv [SQL_Tune]
kestsaAutoTuneDrv [SQL_Tune_Auto]
kestsaAutoTuneSql [SQL_Tune_Auto]
kestsaDoRounds [SQL_Tune_Auto]
kestseDoOneExec [SQL_Test_Exec]
kestseDoOneRound [SQL_Test_Exec]
kestseExecutePlans [SQL_Test_Exec]
kestsePlansDoRounds [SQL_Test_Exec]
kestsiIndexAnalyzeDrv [SQL_Tune_Index]
kewb_maintain_thresholds [AWR]
kewbmbta_do [AWR]
kewrews_execute_wr_sql [REPOSITORY]
kewrfdbs_flush_data_by_sql [FLUSH]
kewrfsst_flush_sqlstat [FLUSH]
kewrft_flush_table [FLUSH
kewrgwxf1_gwrsql_exft_1 [REPOSITORY]
kewrgwxf_gwrsql_exft [REPOSITORY]
kewrose_oci_stmt_exec [REPOSITORY]
kewuxs_execute_statement [AWR]
kfddsGet [ASM]
kfioRequest [ASM]
kfioRequestPriv [ASM]
kfioRqSetPrepare [ASM]
kfioSubmitIO [ASM]
kfioTranslateIO [ASM]
kfkOpenErrRet [KFK]
kfk_check_load_lib [KFK]
kfk_check_load_lib_asminst [KFK]
kfk_load_by_idx_in_pga [KFK]
kfk_oss_initialize [KFK]
kfpkgDGReadFile [ASM]
kgeade KGE ADd Error onto the error stack
kgeadse KGE ADd String Internal Error onto the error stack
kgeasi Raise an error on an ASSERTION failure (IGNORE)
kgeasnmierr         
kgerev             kgerev - KGE Record Error code (with Va_list) */
kgerinv            KGE Record Internal (Named) error (with Va_list)
kgerinv_internal   record internal or soft internal named error
kgesinv            KGE Signal Internal (Named) error (with VA_list)
kghalf             KGH: Non-recoverably allocate a freeable chunk of memory 
kghalo             KGH: main allocation entry point
kghalp             KGH: Allocate permanent memory
kghasp [KGH]
kghbigasp [KGH]
kgherror [KGH] KGH: Internal routine for signaling an error
kghfnd             KGH: Find a chunk of at least the minimum size
kghfre [KGH]
kghfrf             KGH: Non-recoverably free a freeable chunk of space
kghfrh [KGH]
kghfrh_internal [KGH]
kghfrmrg [KGH]
kghfrunp           KGH: Ask client to free unpinned space
kghfrx             Free extent.  This is called  when a heap is  unpinned to request that it
kghgex             KGH: Get a new extent
kghnerror [KGH]
kghnospc KGH: There is no space available in the heap, signal an error.
kghssgfr [KGH]
kghssggr [KGH]
kghxal Allocate a fixed size piece of shared memory
kglLock [LIBCACHE]
kglMutexCleanupAll [LIBCACHE]
kglMutexRecovery [LIBCACHE]
kglOnErrorMutexCleanup [LIBCACHE]
kglSessionHashInsert [LIBCACHE]
kgldafr [LIBCACHE]
kgldon [LIBCACHE]
kgldpo [LIBCACHE]
kgldpo0 [LIBCACHE]
kglget [LIBCACHE]
kglgob [LIBCACHE]
kglhdd [LIBCACHE]
kglhdda [LIBCACHE]
kglhpd             kglhpd - KGL HeaP Deallocate */
kgllccl [LIBCACHE]
kgllkal [LIBCACHE]
kgllkdl [LIBCACHE]
kgllkds [LIBCACHE]
kglobal            kglobal - KGL OBject AlLocate
kglobcl            kglobcl - KGL OBject CLear all tables */
kglobf0            kglobf0 - KGL OBject Free heap/data block 0 of an object [LIBCACHE]
kglobfr            kglobfr - KGL OBject FRee all heaps (except data block 0`s) of an object
kglobld [LIBCACHE]
kglobpn            KGL2: OBject PiN heaps and load data pieces [LIBCACHE]
kglpim             KGL: PIn and load More heaps [LIBCACHE]
kglpin             KGL: PIN heaps and load data pieces of an object [LIBCACHE]
kglpndl [LIBCACHE]
kglpnds [LIBCACHE]
kglrfcl            kglrfcl - KGL ReFerence CLear
kglsscn            Scan a loaded set invoking a supplied callback for each element
kgmgaicn           KGM Generic Arguments Input Conversions
kgmtconv           KGMT perform CONVersion
kgmtimob           IMage to OBject (named types)
kjblcrcbk [GCS]
kjbmpocr [GCS]
kjbmundocr [GCS]
kjbrcrcvt [GCS]
kjbrscrping [GCS]
kjcsmpav allocate a msg b 0 1 1 
kjcsrmg            receive a vector of messages
kjctr_pbmsg        process batch message
kjctr_rksxp        read messages from KSXP service
kjctr_watq         read messages from wait queue
kjctrcv            Receive messages
kjcts_dmpbmsg      dump batch message content
kjmpmsgi [RAC_MLMDS]
kjmsm [RAC_MLMDS] lmS Main loop
kjmxmpm [RAC_MLMDS]
kkcnrli [AQ]
kkdcico            Kkdc Insert COnstraint definition.
kkdlacd            KKDL get All Column Definitions: Get all column definitions
kkdlcod             
kkdoloi            Load Objects-related Information
kkeIdxSelectivity [SQL_Costing]
kkeapr             KKE: anaylze predicates for optimization - returns stat ptr
kkecpst            Create copy of column statistics in compile time memory
kkeidc [SQL_Costing]
kkejcd         returns cardinality of a join between two tables
kkejeq         Computes the join cardinality for an equijoin predicate
kkepsl         selectivity of single predicate
kkestAddMCPredToCtx [SQL_Costing]
kkestAllocMCCtx [SQL_Costing]
kkestBuildMCCtxFromKeys [SQL_Costing]
kketac [SQL_Costing]
kkevcs             set view column stats from underlying column
kkmatr [SQL_Semantic] get All TRiggers
kkmdel             extra semantic processing for deletes
kkmdrv [SQL_Semantic]
kkmfcbbt [SQL_Semantic]
kkmfcblo [SQL_Semantic]
kkmfcbrm [SQL_Semantic]
kkmpfcbk [SQL_Semantic]
kkmupd [SQL_Semantic]
kkmups [SQL_Semantic]
kkmupsViewDestFro [SQL_Semantic]
kkoBitmapAccPath [SQL_Costing]
kkoabr [SQL_Costing]
kkobmp [SQL_Costing]
kkobrfak [SQL_Costing]
kkocnp [SQL_Costing] kkocnp - KKO Cost Next Permutation
kkofbp [SQL_Costing]
kkofmp [SQL_Costing]
kkoiqb [SQL_Costing] KKO: Initialize Query Block
kkoixo [SQL_Costing]
kkojnp [SQL_Costing] KKO: Join Order Path
kkonxc [SQL_Costing]
kkooqb [SQL_Costing] KKO: Optimize Query Block
kkopmCheckSmbUpdate KKOPM Check if updates to the Sql Management Base are pending.
kkoqbc [SQL_Costing] KKO:  Query block optimization start point
kkotap [SQL_Costing]
kkpalt [PART]
kkpamDGSPam [PART]
kkpamFRange [PART]
kkpamRFGet [PART]
kkpapDAFkk [PART]
kkpapDAFkkSLvl [PART]
kkpapFMParts [PART]
kkpapSetBounds [PART]
kkpoati_alter_table_index_maint index maintenance driver
kkpomiu_mark_index_unusable     Marks an index unusable
kkqctdrvIT [SQL_Transform] KKQCT DRiVer Initiate cost-based Transformation
kkqctdrvJF [SQL_Transform]
kkqctdrvTD [SQL_Transform] KKQCT DRiVer for Transformation Directives
kkqcttcalo [SQL_Transform]
kkqdrv [SQL_Transform] Kernel Kompile Query transformations DRiVer
kkqgbpCheckPred    KKQGBP Check Validity of Pred
kkqgbpCheckValidity KKQGBP Check Basic Validity
kkqgbpColHasHighNDV KKQGBP Column Has High NDV
kkqgbpTravChkTran  KKQGBP Traverse, Check and Transform
kkqgbpdrv          KKQGBP DRiVer
kkqjfUnitTrans [SQL_Transform]
kkqjfdrv [SQL_Transform]
kkqjfgdtr [SQL_Transform]
kkqjfpt [SQL_Transform]
kkqjpddrv [SQL_Transform]
kkqtutlCleanupSubqCB [SQL_Transform]
kkqtutlMarkRefsInQB [SQL_Transform]
kkqtutlPerformSetOp [SQL_Transform]
kkqtutlPerformSetOpOnList [SQL_Transform]
kkqvmTrMrg [SQL_VMerge]
kkqvmdrv [SQL_VMerge]
kkqvmdrv2 [SQL_VMerge]
kksCloseCursor [cursor]
kksFullTypeCheck [cursor]
kksLoadChild [cursor] Load Child
kksOnErrorMutexCleanup [cursor]
kksParentHandleFreeCbk [cursor]
kksParseChildCursor [cursor]
kksParseCursor [cursor] KKS: Parse Cursor
kksSetBindType [cursor]
kksfbc [cursor] KKS: Find Bound Cursor
kkspbd0 [cursor]
kkspsc0 [cursor] KKS: Parse Shared Cursor
kkx_push_env_for_ICD_for_new_session [PROGINT_PLSQL]
kkxexe             KKX: execute plsql
kkxrpc             ARGSUSED
kkxtexe - KKX Trigger EXEcute
kkyase             ? Module Notes: kky - Kerner Kompilation sYstem/session
klclil1r [DIRPATH_LOAD] Kernel Loader C Level Interface Load 1 Row
klcslod load NLS data object
kllcqgf [DIRPATH_LOAD]
klmalf [DIRPATH_LOAD]
kluprd [DIRPATH_LOAD]
kluuld [DIRPATH_LOAD]
kluuldcs [DIRPATH_LOAD]
kluuscn [DIRPATH_LOAD]
kodpunp            kodpunp - KOD (Pickler) UNPickle an image into an object
kohalc             KOH: ALlocate memory Chunk
kohdtg             KOH: DuRation Table Get an duration entry
kokbXformCollItersInQbc [OBJECTS_Types]
kokegkldai [OBJECTS_Images]
kokl_pdbaware_kdlf_copy [OBJECTS_Types]
koklcopy2 [OBJECTS_Types]
koklcre [OBJECTS_Types] KOK Lob CREate
kokleva [OBJECTS_Types] lob EVAluate
koklglfn [OBJECTS_Types]
kokliccb [OBJECTS_Types]
kokliclo [OBJECTS_Types] KOK Lob Internal Create with another LOcator
kokligrd           kokligrd - KOK Lob Internal initialize kdllfn with row data */
koklivrl [OBJECTS_Types]
kokltcc [OBJECTS_Types]
kokltcr [OBJECTS_Types]
koklwrite1 [OBJECTS_Types] KOKL Write with Conversions
kokmrwo [OBJECTS_Types]
kokmrwo_agg [OBJECTS_Types]
kolaCreateFromSource [LOB]
kolaErrorHandler   KOLA ERROR handler
kolarsAssign [LOB]
kole_substr [LOB_Default]
kole_templob_init [LOB_Default]
koltitcr [OBJECTS_Types]
kolttcr [OBJECTS_Types]
kotgatc [OBJECTS_Types]
koxsihread         koxsihread - KOXS Image Handle WRITE (from buffer)
kpndbcon           Kernel Prog Network - DBlink CONNection
kpoal8             kpoal8.c - Kernel Programmatic Oracle ALl Version 8
kpoauth            KPO AUTHenticate
kpodpuls [DIRPATH_LOAD]
kpolob [PROGINT_MISC] kpolob.c - KPP Lob operations
kponPurgeUnreachLoc [AQ] remove registrations for unreachable locations
kpoopq             KPO: Set Keyword Value pair
kpooprx            open, parse, and optionally execute
kporpc             kporpc.c - The oracle side function to start rpc
kprball execute ALL bundled KPR (RPI) operations
kpudpxuls_ctxUnloadStream [DPAPI_Load]
kpuexec            kpuexec - KPU : Execute
kpulfwr [PROGINT]
kpulfwrarr [PROGINT]
kpurcs             kpurcs - KPU Remote Call with ServiceContext
kpurcsc [PROGINT] kpurcsc - KPU Remote Call with ServiceContext, Callbacks
kpureq             kpureq - KPU : Request (a statement to be executed)
kqfd_WRT_qerfxtst_c FIXED TABLE  [SQL_Execution]
kqlUpdateStubs [LIBCACHE]
kqlvld [LIBCACHE]
kqrsrd             subordinate cache object read
krtchk check consistency of specied with translation table
ksbabs [background_proc] KSB: Background process: Action based server
ksbcti             call timeout/interrupts
ksbrdp [background_proc] KSB: run a detached (background) process
kscnfy             KSC invoke notifier
ksddoa             # Debug support Do an Action
ksdhng_analyze_graph [hang_analysis]
ksdhng_graph_build_local [hang_analysis]
ksdhng_local_detect [hang_analysis]
ksdhng_request_msg_get [hang_analysis]
ksdhng_request_msg_get_phase_di [hang_analysis]
ksdpcg             # KSD: Post and check event in the specified event group
ksdpec             # KSD: Post Event and Check trigger condition
ksdxcb             # CallBack for sosd layer signal handler (IGNORE)
ksdxfstk           dump abridged os STacK
ksedmp             # KSE: dump the process state
ksedst             # KSE: dump the call stack
ksedst1            Kernel Service Error Debug Stack Trace 1 (helper)
ksepop [KSE]
ksesin             # KSE: signal an internal error (named)
ksfd_io [VOS]
ksfd_kfioRequest [VOS]
ksfd_osmio [VOS]
ksfdmp             # Call relevant dump routine
ksfdnfy            ksfd PDB open notifier
ksfdread [VOS]
ksfpec             # KSF: Post an event??
ksliwat            KSL: Latching: Awaken a wait event
ksmapg             Callback function for allocating a PGA extent
ksmasg Callback function for allocating an SGA extent.  The SGA is fixed size
ksmsgfr [KSM]
kssdch [VOS] KSS: delete children of state obj.
kssdct KSS: delete children of specified type
kssdel [VOS]
kssxdl [VOS] KSS: delete SO ignoring all except severe errors. cleans latches
ksucln [ksu] KSUCLN: Cleanup detached process
ksucln_dpc [ksu]
ksucln_dpc_cleanup [ksu]
ksucln_dpc_dfs [ksu]
ksucln_dpc_main [ksu]
ksucre             Creation/deletion of sessions
ksucrp             KSU: Create and initialise a process
ksudel             KSU: delete specified user session
ksudlc             delete call                                               
ksudlp [ksu] KSU: delete process.called when user detaches or during cleanup by PMON
ksudss system state dump
ksupop KSU: pop user or recursive call
ksuxda_del_proc [ksu]
ksuxdl [ksu] KSUCLN: Delete state object for PMON
ksuxds [ksu] KSU: acquires the ksupol, the so latch protects access to sniper bit
ksvrdp [ksv_trace] Run generic Detached slave Process
kswsdls            KSWS DeLete Service 
ktbapundo               Block APply UNdo
ktbgcl1 KTB General CLean 1.  DESCRIPTION: Performs ITL cleanout for read consistency and for current blocks.  For read consistency (KTB_CR), always cleanout until the CR scan time For current (KTB_CUR)
ktbgcur            Kernel Transaction Block GET
ktcrsp1                 KTC Rollback to SavePoint
ktrgcm common CR read code
ktrget get a read consistent block
ktsiseg_info                    KTS Segment INFo
ktsisegstg                      Given a ktid fills the stgdef
ktspfmdb - Format a range of data blocks
ktspfmtrng - Format one range or less of data blocks
ktspgfblk3         KTSP Get first level bitmap block
ktspgsp_main       Get Space for inserts
ktsplbfmb          KTSPLB Move space from Freelist to Bitmap
ktsplbrecl         reclaim space
ktssdrp_segment converts segment to temp in preparation for dropping. This procedure gets a lock on the segment (so the object cleanup will actually drop it at commit time) and converts segment to TEMPORARY type
ktuapundo               Undo APply UNdo
ktugct Kernel Transaction Undo Get Commit Times */ This routine will return the commit times for transaction ids in */ a data block`s itl.  It uses ktbisr and ktbisn to scan the block and      */
ktundo                  Kernel Transaction UNDO
kturCurrBackoutOneChg   Get undo rec to RB txn, non-CR only (Undo BacK Out)
kturRollbackToSavepoint Undo Roll back to Save Point
kturbk Kernel transaction Undo Roll BacK This is for CR only. Read the undo record (CRX) pointed by  the uba and call ktundo to actually backs out the change.
kturbt Kernel Transactrion Undo Roll Back To (time scn)             */ Routine to roll a transaction back so that "time" is           */ in range on the block.
kwqadrpq           Kernel queue Administration DRoP Queue 
kwqbcsecl           
kwqmnslv [AQ_TM] Slave callback called by ksvrdp
kwqvdsvc           Drop SerViCe 
kxe_push_env_internal_pp_ [SQL_Execution]
kxfpProcessError [Parallel_Execution]
kxfpProcessMsg [Parallel_Execution]
kxfpValidateSlaveGroup [Parallel_Execution]
kxfpgsg [Parallel_Execution]
kxfpqdqr [Parallel_Execution]
kxfpqidqr [Parallel_Execution]
kxfprdp [Parallel_Execution] KXFP: Run Detached Process
kxfrAllocSlaves [Parallel_Execution]
kxfrDmpGen [Parallel_Execution]
kxfrDmpSm [Parallel_Execution]
kxfrDmpState [Parallel_Execution]
kxfralo [Parallel_Execution]
kxfrialo [Parallel_Execution]
kxfxcp [Parallel_Execution]
kxfxcw [Parallel_Execution]
kxfxgs [Parallel_Execution]
kxfxmai [Parallel_Execution] KXFX: slave process main entry point
kxfxsExecute [Parallel_Execution]
kxfxsStmtExecute [Parallel_Execution]
kxfxsp [Parallel_Execution] KXFX: open, parse, bind entire dfo
kxhrUnpack         KXHR: HJ: unpack a row
kxibDoFinish       kxibDoFinish      - do finish processing for a specified index
kxibFinish         kxibFinish        - kxib Finish index maintenance
kxsClean [cursor]
kxsCloseXsc [cursor]
kxsFreeExecutionHeap [cursor]
kxsFreeWorkArea [cursor]
kxsGetRuntimeLock [cursor] eXecute Shared cursor - Get Runtime Lock
kxsScanCursors [cursor]
kxsffir [cursor] kxsffir - KXS Function FIRe 
kxtexe KXT: EXEcute trigger
kzpcap             kzpcsp - KZP Check System Privilege
main               # Standard executable entry point
msqapp Append character string to SQL statement.
npicon0            npicon0 - Network Program Interface CONnnect
npigdn0            npigdn: Get Database link info by Name.                   
opiDeferredSem     OPI perform Deferred semantic Analysis
opiSem             OPI SEMantic analysis driver
opidcl             cleanup after the sqlnet connection is terminated. Put the cleanup actions
opidrv             # opidrv - ORACLE Program Interface DRiVer (IGNORE)
opiexe             opiexe - ORACLE Program Interface EXEcute
opifch             OPIFCH: oracle side of the fetch interface
opifch2            program interface oracle fetch - main routine [SQL_Execution]
opiino             ORACLE Program Interface INitialize Opi
opimai_real        ? Module Notes: ?
opiodr             OPIODR: ORACLE code request driver - route the current request
opiosq             OPIOSQ: prepare to parse a sql command
opiosq0            OPI: prepare to parse a sql command
opipls             opipls.c -- contains opi bundled call executor and support routines
opiprs             opiprs - ORACLE Program Interface: PaRSe
opiprsdml
opiprsdmlcb opiprsdml callback fucntion
opirip             # Oracle Program Interface Run Independent Process (IGNORE)
opistr             STaRt Oracle
opitca             OPITCA: sets up the context area
opitsk             Two Task Oracle Side Function Dispatcher
osnsgl3            osnsgl3 - OSN SinGLe task connect to the server process for 3gl callbacks
osnsglw [Two_Task]
pcicmp0 [PLSQL_Infrastructure]
pefcal [PLSQL_External_Proc]
pefccal [PLSQL_External_Proc]
peftrusted [PLSQL_External_Proc] Execute a trusted Callout.
peicnt [PLSQL_Code_Execution] PL/SQL controlled Execution 
pevm_BFTCHC [PLSQL_Code_Execution]
pevm_FCAL [PLSQL_Code_Execution]
pevm_NCAL [PLSQL_Code_Execution]
pevm_icd_call_common [PLSQL_Code_Execution]
pextproc [PLSQL_Code_Execution] Pefm call EXTernal PROCedure
pfri3_inst_body [PLSQL_Code_Execution]
pfri7_inst_body_common [PLSQL_Code_Execution]
pfrins [PLSQL_Code_Execution]
pfrinstr_FCAL [PLSQL_Code_Execution]
pfrinstr_FTCHC [PLSQL_Code_Execution]
pfrinstr_ICAL [PLSQL_Code_Execution]
pfrinstr_XCAL [PLSQL_Code_Execution]
pfrrun [PLSQL_Code_Execution] PSDEVN: PL/SQL Interpreter Main Instruction Loop 
pfrrun_no_tool [PLSQL_Code_Execution] fast interpretation loop 
ph2qeril_expand_rec_in_list IN-LIST  [SQL_Execution]
phf_read_items [PLSQL_Infrastructure]
phpcmp [PLSQL_Infrastructure]
plsql_run [PLSQL_PSD_Standalones] single entry point for top level pfrrun and penrun 
pricar [PLSQL_Code_Execution]
pricbr PL/SQL Remote Interface Call Back, Remote
prient [PLSQL_Code_Execution] Run given (RPC) entrypoint
prient2 [PLSQL_Code_Execution] common code to run given entrypoint: could be RPC or non-RPC
psddr0 Null pointer definitions for ttcdrv callback and contet.  Used in psddrv. [PLSQL_PSD_Generic]
psdexsp [PLSQL_PSD_Generic] [PROGINT_PLSQL] All Private Routines
psdextp [PLSQL_PSD_Generic] [PROGINT_PLSQL] The only public routine, the actual PSD *
psdnal [PLSQL_PSD_Generic]
qcdoloi            Load Object-specific Information
qcsogati [OBJECTS_Semanal]
qcspafq [SQL_Parser]
qcspqb [SQL_Parser]
qcspqbDescendents [SQL_Parser]
qcsprfro [SQL_Parser]
qcsprfro_tree [SQL_Parser]
qctogtia [OBJECTS_Semanal]
qctostcdc [OBJECTS_Semanal]
qctostco [OBJECTS_Semanal]
qeraeAllocate AND-EQUAL  [SQL_Execution]
qeraeClose AND-EQUAL  [SQL_Execution]
qeraeFetch AND-EQUAL  [SQL_Execution]
qeraeRestoreFetchState AND-EQUAL  [SQL_Execution]
qeraeRowProcedure AND-EQUAL  [SQL_Execution]
qeraeSaveFetchState AND-EQUAL  [SQL_Execution]
qeraeStart AND-EQUAL  [SQL_Execution]
qerandvFetch       Approximate NDV fetch method
qerbaAllocate BITMAP INDEXAND   [SQL_Execution]
qerbaClose BITMAP INDEXAND   [SQL_Execution]
qerbaFetch BITMAP INDEXAND   [SQL_Execution]
qerbaFndOl BITMAP INDEXAND   [SQL_Execution]
qerbaInitQB BITMAP INDEXAND   [SQL_Execution]
qerbaPruneInputs BITMAP INDEXAND   [SQL_Execution]
qerbaStart BITMAP INDEXAND   [SQL_Execution]
qerbaStartWithQB BITMAP INDEXAND   [SQL_Execution]
qerbaStrmAnd BITMAP INDEXAND   [SQL_Execution]
qerbaUUStrmAnd BITMAP INDEXAND   [SQL_Execution]
qerbaUUStrmNOT BITMAP INDEXAND   [SQL_Execution]
qerbaUUStrmOR BITMAP INDEXAND   [SQL_Execution]
qerbaUncompressStrm BITMAP INDEXAND   [SQL_Execution]
qerbcARwo BITMAP INDEX COMPACTION  [SQL_Execution]
qerbcAllocate BITMAP INDEX COMPACTION  [SQL_Execution]
qerbcClose BITMAP INDEX COMPACTION  [SQL_Execution]
qerbcCon BITMAP INDEX COMPACTION  [SQL_Execution]
qerbcFetch BITMAP INDEX COMPACTION  [SQL_Execution]
qerbcRop BITMAP INDEX COMPACTION  [SQL_Execution]
qerbcStart BITMAP INDEX COMPACTION  [SQL_Execution]
qerbcUnbuf BITMAP INDEX COMPACTION  [SQL_Execution]
qerbiARwo BITMAP INDEX CREATION  [SQL_Execution]
qerbiAllocate BITMAP INDEX CREATION  [SQL_Execution]
qerbiClose BITMAP INDEX CREATION  [SQL_Execution]
qerbiCmpSz BITMAP INDEX CREATION  [SQL_Execution]
qerbiCon BITMAP INDEX CREATION  [SQL_Execution]
qerbiCreateHeap BITMAP INDEX CREATION  [SQL_Execution]
qerbiEntSz BITMAP INDEX CREATION  [SQL_Execution]
qerbiFetch BITMAP INDEX CREATION  [SQL_Execution]
qerbiFreeMemory BITMAP INDEX CREATION  [SQL_Execution]
qerbiIPI BITMAP INDEX CREATION  [SQL_Execution]
qerbiReduceMemory BITMAP INDEX CREATION  [SQL_Execution]
qerbiRop BITMAP INDEX CREATION  [SQL_Execution]
qerbiSetAutoMemoryRequirement BITMAP INDEX CREATION  [SQL_Execution]
qerbiShouldReduceMemory BITMAP INDEX CREATION  [SQL_Execution]
qerbiSrchPI BITMAP INDEX CREATION  [SQL_Execution]
qerbiStart BITMAP INDEX CREATION  [SQL_Execution]
qerbialv BITMAP INDEX CREATION  [SQL_Execution]
qerbmAllocate MINUS  [SQL_Execution]
qerbmClose MINUS  [SQL_Execution]
qerbmFchRS MINUS  [SQL_Execution]
qerbmFetch MINUS  [SQL_Execution]
qerbmMovRL MINUS  [SQL_Execution]
qerbmStart MINUS  [SQL_Execution]
qerbmStrmMi MINUS  [SQL_Execution]
qerboAllocate BITMAP INDEX OR  [SQL_Execution]
qerboClose BITMAP INDEX OR  [SQL_Execution]
qerboFetch BITMAP INDEX OR  [SQL_Execution]
qerboMerge BITMAP INDEX OR  [SQL_Execution]
qerboReadBM BITMAP INDEX OR  [SQL_Execution]
qerboStart BITMAP INDEX OR  [SQL_Execution]
qerbtAllocate BITMAP CONVERT  [SQL_Execution]
qerbtClose BITMAP CONVERT  [SQL_Execution]
qerbtFetch BITMAP CONVERT  [SQL_Execution]
qerbtPaAllocate BITMAP CONVERT  [SQL_Execution]
qerbtRop BITMAP CONVERT  [SQL_Execution]
qerbtStart BITMAP CONVERT  [SQL_Execution]
qerbtTTGet BITMAP CONVERT  [SQL_Execution]
qerbuAllocate BITMAP INDEX UNLIMITED-OR  [SQL_Execution]
qerbuClose BITMAP INDEX UNLIMITED-OR  [SQL_Execution]
qerbuCmpCpl BITMAP INDEX UNLIMITED-OR  [SQL_Execution]
qerbuCrHeap BITMAP INDEX UNLIMITED-OR  [SQL_Execution]
qerbuCrItem BITMAP INDEX UNLIMITED-OR  [SQL_Execution]
qerbuEndMrg BITMAP INDEX UNLIMITED-OR  [SQL_Execution]
qerbuFetch BITMAP INDEX UNLIMITED-OR  [SQL_Execution]
qerbuFrHeaps BITMAP INDEX UNLIMITED-OR  [SQL_Execution]
qerbuInitMrg BITMAP INDEX UNLIMITED-OR  [SQL_Execution]
qerbuMemCheck BITMAP INDEX UNLIMITED-OR  [SQL_Execution]
qerbuNPass BITMAP INDEX UNLIMITED-OR  [SQL_Execution]
qerbuNStrp BITMAP INDEX UNLIMITED-OR  [SQL_Execution]
qerbuNaRange BITMAP INDEX UNLIMITED-OR  [SQL_Execution]
qerbuOrMrg BITMAP INDEX UNLIMITED-OR  [SQL_Execution]
qerbuRop BITMAP INDEX UNLIMITED-OR  [SQL_Execution]
qerbuSetAutoMemoryRequirement BITMAP INDEX UNLIMITED-OR  [SQL_Execution]
qerbuSetMemL BITMAP INDEX UNLIMITED-OR  [SQL_Execution]
qerbuStart BITMAP INDEX UNLIMITED-OR  [SQL_Execution]
qerbuTrItem BITMAP INDEX UNLIMITED-OR  [SQL_Execution]
qerbx1RidRChk BITMAP INDEX ACCESS  [SQL_Execution]
qerbxARRwo BITMAP INDEX ACCESS  [SQL_Execution]
qerbxARwo BITMAP INDEX ACCESS  [SQL_Execution]
qerbxAllocate BITMAP INDEX ACCESS  [SQL_Execution]
qerbxClose BITMAP INDEX ACCESS  [SQL_Execution]
qerbxFFSFetch BITMAP INDEX ACCESS  [SQL_Execution]
qerbxFetch BITMAP INDEX ACCESS  [SQL_Execution]
qerbxMakeKey BITMAP INDEX ACCESS  [SQL_Execution]
qerbxPaAllocate BITMAP INDEX ACCESS  [SQL_Execution]
qerbxRFetch BITMAP INDEX ACCESS  [SQL_Execution]
qerbxRelease BITMAP INDEX ACCESS  [SQL_Execution]
qerbxReleaseSelf BITMAP INDEX ACCESS  [SQL_Execution]
qerbxRidRChk BITMAP INDEX ACCESS  [SQL_Execution]
qerbxScanInd BITMAP INDEX ACCESS  [SQL_Execution]
qerbxStart BITMAP INDEX ACCESS  [SQL_Execution]
qerbxTIGet BITMAP INDEX ACCESS  [SQL_Execution]
qerbxUpdKeyRid BITMAP INDEX ACCESS  [SQL_Execution]
qerbxXKFetch BITMAP INDEX ACCESS  [SQL_Execution]
qercbAllocate CONNECT BY  [SQL_Execution]
qercbCheckForLoops CONNECT BY  [SQL_Execution]
qercbClose CONNECT BY  [SQL_Execution]
qercbFetch CONNECT BY  [SQL_Execution]
qercbPopState CONNECT BY  [SQL_Execution]
qercbPushState CONNECT BY  [SQL_Execution]
qercbSetPriorsToBase CONNECT BY  [SQL_Execution]
qercbSetPriorsToEntry CONNECT BY  [SQL_Execution]
qercbSetPriorsToNull CONNECT BY  [SQL_Execution]
qercbSetStackToPriors CONNECT BY  [SQL_Execution]
qercbStart CONNECT BY  [SQL_Execution]
qercbiAllocate SUPPORT FOR CONNECT BY  [SQL_Execution]
qercbiCheckForLoops SUPPORT FOR CONNECT BY  [SQL_Execution]
qercbiCheckForLoopsLLD SUPPORT FOR CONNECT BY  [SQL_Execution]
qercbiCheckForLoopsRW SUPPORT FOR CONNECT BY  [SQL_Execution]
qercbiClose SUPPORT FOR CONNECT BY  [SQL_Execution]
qercbiCompare SUPPORT FOR CONNECT BY  [SQL_Execution]
qercbiComparePrior SUPPORT FOR CONNECT BY  [SQL_Execution]
qercbiDisplayLoopErrorMessage SUPPORT FOR CONNECT BY  [SQL_Execution]
qercbiFetch SUPPORT FOR CONNECT BY  [SQL_Execution]
qercbiFilterData SUPPORT FOR CONNECT BY  [SQL_Execution]
qercbiGoToPrior SUPPORT FOR CONNECT BY  [SQL_Execution]
qercbiInitPathFuncs SUPPORT FOR CONNECT BY  [SQL_Execution]
qercbiNoFilRowP SUPPORT FOR CONNECT BY  [SQL_Execution]
qercbiPFetch SUPPORT FOR CONNECT BY  [SQL_Execution]
qercbiPStart SUPPORT FOR CONNECT BY  [SQL_Execution]
qercbiPopState SUPPORT FOR CONNECT BY  [SQL_Execution]
qercbiPopulateBaseOpns SUPPORT FOR CONNECT BY  [SQL_Execution]
qercbiPumpCompare SUPPORT FOR CONNECT BY  [SQL_Execution]
qercbiPumpQBCompare SUPPORT FOR CONNECT BY  [SQL_Execution]
qercbiPushState SUPPORT FOR CONNECT BY  [SQL_Execution]
qercbiQBCompare SUPPORT FOR CONNECT BY  [SQL_Execution]
qercbiRecWithBFetch SUPPORT FOR CONNECT BY  [SQL_Execution]
qercbiRecWithBPumpCompare SUPPORT FOR CONNECT BY  [SQL_Execution]
qercbiRecWithBPumpQBCompare SUPPORT FOR CONNECT BY  [SQL_Execution]
qercbiRecWithCursorEnd SUPPORT FOR CONNECT BY  [SQL_Execution]
qercbiRecWithDFetch SUPPORT FOR CONNECT BY  [SQL_Execution]
qercbiRecWithRowP SUPPORT FOR CONNECT BY  [SQL_Execution]
qercbiRecWithTmpIxIns SUPPORT FOR CONNECT BY  [SQL_Execution]
qercbiRelease SUPPORT FOR CONNECT BY  [SQL_Execution]
qercbiRowP SUPPORT FOR CONNECT BY  [SQL_Execution]
qercbiSeekCompare SUPPORT FOR CONNECT BY  [SQL_Execution]
qercbiSetIsLeafCycle SUPPORT FOR CONNECT BY  [SQL_Execution]
qercbiSetPriorsToBase SUPPORT FOR CONNECT BY  [SQL_Execution]
qercbiSetPriorsToEntry SUPPORT FOR CONNECT BY  [SQL_Execution]
qercbiSetPriorsToNull SUPPORT FOR CONNECT BY  [SQL_Execution]
qercbiSimpleSeekCompare SUPPORT FOR CONNECT BY  [SQL_Execution]
qercbiStart SUPPORT FOR CONNECT BY  [SQL_Execution]
qercbiUnpackFromSort SUPPORT FOR CONNECT BY  [SQL_Execution]
qercoAllocate COUNT  [SQL_Execution]
qercoFetch COUNT  [SQL_Execution]
qercoRop COUNT  [SQL_Execution]
qercoStart COUNT  [SQL_Execution]
qercotAllocate COUNT  [SQL_Execution]
qercotClose COUNT  [SQL_Execution]
qercotFetch COUNT  [SQL_Execution]
qercotStart COUNT  [SQL_Execution]
qercotcae COUNT  [SQL_Execution]
qerdlAllocate DELETE  [SQL_Execution]
qerdlConStaRow DELETE  [SQL_Execution]
qerdlCubeRowProcedure DELETE  [SQL_Execution]
qerdlFetch DELETE  [SQL_Execution]
qerdlStart DELETE  [SQL_Execution]
qerdlStatus DELETE  [SQL_Execution]
qerepAllocate EXPLOSION  [SQL_Execution]
qerepFetch EXPLOSION  [SQL_Execution]
qerepRop EXPLOSION  [SQL_Execution]
qerepStart EXPLOSION  [SQL_Execution]
qerffAllocate FIFO BUFFER  [SQL_Execution]
qerffClose FIFO BUFFER  [SQL_Execution]
qerffFetch FIFO BUFFER  [SQL_Execution]
qerffRowProc FIFO BUFFER  [SQL_Execution]
qerffStart FIFO BUFFER  [SQL_Execution]
qerfiAllocate FIRST ROW  [SQL_Execution]
qerfiFetch FIRST ROW  [SQL_Execution]
qerflAllocate FILTER DEFINITION  [SQL_Execution]
qerflFetch FILTER DEFINITION  [SQL_Execution]
qerflFetchOutside [SQL_Execution] FILTER DEFINITION fetch operation for a filter
qerflRestoreFetchState FILTER DEFINITION  [SQL_Execution]
qerflRop FILTER DEFINITION  [SQL_Execution]
qerflRopAllowUnknown FILTER DEFINITION  [SQL_Execution]
qerflSaveFetchState FILTER DEFINITION  [SQL_Execution]
qerflStart FILTER DEFINITION  [SQL_Execution]
qerfuAllocate UPDATE  [SQL_Execution]
qerfuCreatePri UPDATE  [SQL_Execution]
qerfuFetch UPDATE  [SQL_Execution]
qerfuFetch1 UPDATE  [SQL_Execution]
qerfuLockingRowProcedure UPDATE  [SQL_Execution]
qerfuProcessFetchedRow UPDATE  [SQL_Execution]
qerfuRowProcedure UPDATE  [SQL_Execution]
qerfuSelect UPDATE  [SQL_Execution]
qerfuStart UPDATE  [SQL_Execution]
qerfuTransSel UPDATE  [SQL_Execution]
qerfxAllocate FIXED TABLE  [SQL_Execution]
qerfxArrayMaxSize FIXED TABLE  [SQL_Execution]
qerfxCleanup FIXED TABLE  [SQL_Execution]
qerfxClose FIXED TABLE  [SQL_Execution]
qerfxCreateTempClobFromBuff FIXED TABLE  [SQL_Execution]
qerfxDataToClob FIXED TABLE  [SQL_Execution]
qerfxFetch FIXED TABLE  [SQL_Execution]
qerfxGCol FIXED TABLE  [SQL_Execution]
qerfxStart FIXED TABLE  [SQL_Execution]
qerfxStreamToClob FIXED TABLE  [SQL_Execution]
qerfxTvrtPurgeCheck FIXED TABLE  [SQL_Execution]
qerfxtstcb FIXED TABLE  [SQL_Execution]
qerfxtstin FIXED TABLE  [SQL_Execution]
qerfxtstsb8 FIXED TABLE  [SQL_Execution]
qerfxtstub8 FIXED TABLE  [SQL_Execution]
qerghAggregateRecords HASH GROUP BY  [SQL_Execution]
qerghAllocate HASH GROUP BY  [SQL_Execution]
qerghClose HASH GROUP BY  [SQL_Execution]
qerghCopyWorkArea HASH GROUP BY  [SQL_Execution]
qerghDumpCB HASH GROUP BY  [SQL_Execution]
qerghFeedbackStats HASH GROUP BY  [SQL_Execution]
qerghFetch HASH GROUP BY  [SQL_Execution]
qerghFreeHashTable HASH GROUP BY  [SQL_Execution]
qerghInitializeHashTable HASH GROUP BY  [SQL_Execution]
qerghNoAggsCB HASH GROUP BY  [SQL_Execution]
qerghPAggRowP HASH GROUP BY  [SQL_Execution]
qerghPAggRowPRowsets HASH GROUP BY  [SQL_Execution]
qerghPrepareForNextRun HASH GROUP BY  [SQL_Execution]
qerghRelease HASH GROUP BY  [SQL_Execution]
qerghRowP HASH GROUP BY  [SQL_Execution]
qerghRowPRowsets HASH GROUP BY  [SQL_Execution]
qerghStart HASH GROUP BY  [SQL_Execution]
qergiAllocate GRANULE ITERATOR  [SQL_Execution]
qergiFetch QERGR: FETCH procedure of PX Granule Iterator Row source, GRANULE ITERATOR [SQL_Execution]
qergiFirstPartition GRANULE ITERATOR  [SQL_Execution]
qergiGetIdentifier GRANULE ITERATOR  [SQL_Execution]
qergiGetPap GRANULE ITERATOR  [SQL_Execution]
qergiResume GRANULE ITERATOR  [SQL_Execution]
qergiStart GRANULE ITERATOR  [SQL_Execution]
qergiSuspend GRANULE ITERATOR  [SQL_Execution]
qergrAdaptiveFetch GROUP BY ROLLUP  [SQL_Execution]
qergrAdaptiveFetchRowP GROUP BY ROLLUP  [SQL_Execution]
qergrAllocate GROUP BY ROLLUP  [SQL_Execution]
qergrCRowP GROUP BY ROLLUP  [SQL_Execution]
qergrClose GROUP BY ROLLUP  [SQL_Execution]
qergrCopyBufs GROUP BY ROLLUP  [SQL_Execution]
qergrCopyVal GROUP BY ROLLUP  [SQL_Execution]
qergrDisAggFetch GROUP BY ROLLUP  [SQL_Execution]
qergrEvaB2N GROUP BY ROLLUP  [SQL_Execution]
qergrEvaXtraOpns GROUP BY ROLLUP  [SQL_Execution]
qergrFetch GROUP BY ROLLUP  [SQL_Execution]
qergrFindGid GROUP BY ROLLUP  [SQL_Execution]
qergrFreeBufs GROUP BY ROLLUP  [SQL_Execution]
qergrGetB2N GROUP BY ROLLUP  [SQL_Execution]
qergrInitADPR GROUP BY ROLLUP  [SQL_Execution]
qergrMapCol GROUP BY ROLLUP  [SQL_Execution]
qergrNosortFetch GROUP BY ROLLUP  [SQL_Execution]
qergrNosortRowP GROUP BY ROLLUP  [SQL_Execution]
qergrNullifyCols GROUP BY ROLLUP  [SQL_Execution]
qergrPAggRowP GROUP BY ROLLUP  [SQL_Execution]
qergrPrecompGid GROUP BY ROLLUP  [SQL_Execution]
qergrRelease GROUP BY ROLLUP  [SQL_Execution]
qergrRowP GROUP BY ROLLUP  [SQL_Execution]
qergrSetADPRDistribution GROUP BY ROLLUP  [SQL_Execution]
qergrSetupB2N GROUP BY ROLLUP  [SQL_Execution]
qergrStart GROUP BY ROLLUP  [SQL_Execution]
qergsAllocate GROUP BY SORT  [SQL_Execution]
qergsClose GROUP BY SORT  [SQL_Execution]
qergsFetch GROUP BY SORT  [SQL_Execution] group by sort row source fetch
qergsPAggRowP GROUP BY SORT  [SQL_Execution]
qergsPAggRowPRowsets GROUP BY SORT  [SQL_Execution]
qergsPrepareForNextRun GROUP BY SORT  [SQL_Execution]
qergsRelease GROUP BY SORT  [SQL_Execution]
qergsRowP GROUP BY SORT  [SQL_Execution]
qergsRowPRowsets GROUP BY SORT  [SQL_Execution]
qergsStart GROUP BY SORT  [SQL_Execution]
qerhcAllocate HASH CLUSTERS  [SQL_Execution]
qerhcBPad HASH CLUSTERS  [SQL_Execution]
qerhcClose HASH CLUSTERS  [SQL_Execution]
qerhcEval HASH CLUSTERS  [SQL_Execution]
qerhcFetch HASH CLUSTERS  [SQL_Execution]
qerhcGetnFilRowScn HASH CLUSTERS  [SQL_Execution]
qerhcHash HASH CLUSTERS  [SQL_Execution]
qerhcRelease HASH CLUSTERS  [SQL_Execution]
qerhcRestore HASH CLUSTERS  [SQL_Execution]
qerhcSave HASH CLUSTERS  [SQL_Execution]
qerhcStart HASH CLUSTERS  [SQL_Execution]
qerhc_cb HASH CLUSTERS  [SQL_Execution]
qerhcqFetch HASH CLUSTERS  [SQL_Execution]
qerhjAdjustMPP HASH JOIN  [SQL_Execution]
qerhjAllocHashTable HASH JOIN  [SQL_Execution]
qerhjAllocate HASH JOIN  [SQL_Execution]
qerhjBestFanout HASH JOIN  [SQL_Execution]
qerhjBuildHashTable HASH JOIN  [SQL_Execution]
qerhjBuildHashTable2 HASH JOIN  [SQL_Execution]
qerhjClose HASH JOIN  [SQL_Execution]
qerhjComputeFanoutAndBPS HASH JOIN  [SQL_Execution]
qerhjComputeHjParameters HASH JOIN  [SQL_Execution]
qerhjComputeMemory HASH JOIN  [SQL_Execution]
qerhjComputeNbBuckets HASH JOIN  [SQL_Execution]
qerhjComputeNbSlots HASH JOIN  [SQL_Execution]
qerhjDisableHJCbk HASH JOIN  [SQL_Execution]
qerhjExpandHashAreaCb HASH JOIN  [SQL_Execution]
qerhjExtMemForPQBuffer HASH JOIN  [SQL_Execution]
qerhjFOJSwapPartitions HASH JOIN  [SQL_Execution]
qerhjFetch [SQL_Execution] Hash join row source - Fetch Procedure
qerhjFetchOuterJoin HASH JOIN  [SQL_Execution]
qerhjFetchPhase2 HASH JOIN  [SQL_Execution]
qerhjFitInMemory HASH JOIN  [SQL_Execution]
qerhjFreeHashTable HASH JOIN  [SQL_Execution]
qerhjFreeSpace HASH JOIN  [SQL_Execution]
qerhjGenProbeHashTable HASH JOIN  [SQL_Execution]
qerhjGetNewBuffer HASH JOIN  [SQL_Execution]
qerhjGetNextRowPiece HASH JOIN  [SQL_Execution]
qerhjInitializeManagementComponents HASH JOIN  [SQL_Execution]
qerhjInnerProbeHashTable HASH JOIN  [SQL_Execution]
qerhjInnerProbeHashTableRowset HASH JOIN  [SQL_Execution]
qerhjInnerProbeProcessRowset HASH JOIN  [SQL_Execution]
qerhjIterateOverBuffers HASH JOIN  [SQL_Execution]
qerhjIterateScan HASH JOIN  [SQL_Execution]
qerhjLeftNullExtend HASH JOIN  [SQL_Execution]
qerhjLeftNullExtend2 HASH JOIN  [SQL_Execution]
qerhjManageListElement HASH JOIN  [SQL_Execution]
qerhjNewFlushedPartitions HASH JOIN  [SQL_Execution]
qerhjPackBuffer HASH JOIN  [SQL_Execution]
qerhjPackBufferRowset HASH JOIN  [SQL_Execution]
qerhjProbeProcessRowsetFastPath HASH JOIN  [SQL_Execution]
qerhjRHMigrate HASH JOIN  [SQL_Execution]
qerhjRePartition HASH JOIN  [SQL_Execution]
qerhjRelease HASH JOIN  [SQL_Execution]
qerhjRemoveHashEntry HASH JOIN  [SQL_Execution]
qerhjResizeBuild HASH JOIN  [SQL_Execution]
qerhjRetainExpandCb HASH JOIN  [SQL_Execution]
qerhjReturnPieceGivenAllPieces HASH JOIN  [SQL_Execution]
qerhjReturnRowset HASH JOIN  [SQL_Execution]
qerhjSetExecutionJoinType HASH JOIN  [SQL_Execution]
qerhjSplitBuild HASH JOIN  [SQL_Execution]
qerhjSplitBuildPrepare HASH JOIN  [SQL_Execution]
qerhjSplitBuildRowset HASH JOIN  [SQL_Execution]
qerhjSplitProbe HASH JOIN  [SQL_Execution]
qerhjSplitProbeRowset HASH JOIN  [SQL_Execution]
qerhjStart HASH JOIN  [SQL_Execution]
qerhjSyncPendingIO HASH JOIN  [SQL_Execution]
qerhjUpdateFilterStats HASH JOIN  [SQL_Execution]
qerhjWalkBuffSemiJoin HASH JOIN  [SQL_Execution]
qerhjWalkHashBucket [SQL_Execution] HASH JOIN EXEC HashJ - walk list of pointers in a hash bucket and check for a match
qerhjWalkHashBucket2 HASH JOIN  [SQL_Execution]
qerhjadf HASH JOIN  [SQL_Execution]
qerilAllocate IN-LIST  [SQL_Execution]
qerilCopyInList IN-LIST  [SQL_Execution]
qerilFetch IN-LIST  [SQL_Execution]
qerilInListDupElim IN-LIST  [SQL_Execution]
qerilInitializeInList IN-LIST  [SQL_Execution]
qerilRestoreFetchState IN-LIST  [SQL_Execution]
qerilRop IN-LIST  [SQL_Execution]
qerilSaveFetchState IN-LIST  [SQL_Execution]
qerilSortMultiCol IN-LIST  [SQL_Execution]
qerilSortSingleCol IN-LIST  [SQL_Execution]
qerilStart IN-LIST  [SQL_Execution]
qerilcil IN-LIST  [SQL_Execution]
qerilevaa IN-LIST  [SQL_Execution]
qerilevao IN-LIST  [SQL_Execution]
qerilfil IN-LIST  [SQL_Execution]
qerilnil IN-LIST  [SQL_Execution]
qerimDmlStaRowTyp2String INDEX MAINTENANCE  [SQL_Execution]
qerimInitDmlStaRow INDEX MAINTENANCE  [SQL_Execution]
qerimSendDummyStatusRow INDEX MAINTENANCE  [SQL_Execution]
qerimalo INDEX MAINTENANCE  [SQL_Execution]
qerimfch INDEX MAINTENANCE  [SQL_Execution]
qerimrop INDEX MAINTENANCE  [SQL_Execution]
qerimsta INDEX MAINTENANCE  [SQL_Execution]
qerixAddNotNullStopKeyPredicate INDEX  [SQL_Execution]
qerixAfterFetch INDEX  [SQL_Execution]
qerixAllocate INDEX  [SQL_Execution]
qerixAllocateIOT INDEX  [SQL_Execution]
qerixAllocatePartCluster INDEX  [SQL_Execution]
qerixAllocatePartNonCluster INDEX  [SQL_Execution]
qerixBuildPKeyIOT INDEX  [SQL_Execution]
qerixChangePartition INDEX  [SQL_Execution]
qerixChangePartition_kdifk INDEX  [SQL_Execution]
qerixChangePartition_kdixs INDEX  [SQL_Execution]
qerixCheckPrefixColCount INDEX  [SQL_Execution]
qerixClose INDEX  [SQL_Execution]
qerixDeq_kdifk INDEX  [SQL_Execution]
qerixFetch INDEX  [SQL_Execution]
qerixFetchAndEqualRangeScan INDEX  [SQL_Execution]
qerixFetchByLogicalRowid INDEX  [SQL_Execution]
qerixFetchFastFullScan INDEX  [SQL_Execution]
qerixFetchIOTPrimaryKey INDEX  [SQL_Execution]
qerixFetchIOTRangeScan INDEX  [SQL_Execution]
qerixFetchIOTSkipScan INDEX  [SQL_Execution]
qerixFetchIndexMinMax INDEX  [SQL_Execution]
qerixFetchSkipScan INDEX  [SQL_Execution]
qerixFetchUniqueIndex INDEX  [SQL_Execution]
qerixFillRowScn INDEX  [SQL_Execution]
qerixFindRowScnIdx INDEX  [SQL_Execution]
qerixGetIOTPnum INDEX  [SQL_Execution]
qerixGetKey INDEX  [SQL_Execution]
qerixGetNonKeyCol INDEX  [SQL_Execution]
qerixGetRowid INDEX  [SQL_Execution]
qerixGetnFilFbtInsdel INDEX  [SQL_Execution]
qerixInitIOTPartSegment INDEX  [SQL_Execution]
qerixInit_kdiss INDEX  [SQL_Execution]
qerixKafOrderFn INDEX  [SQL_Execution]
qerixLinearKeyBufLength INDEX  [SQL_Execution]
qerixMakeLogicalRowid INDEX  [SQL_Execution]
qerixMapSkipScanOpr INDEX  [SQL_Execution]
qerixMarkEmptySegment INDEX  [SQL_Execution]
qerixReInit_kdixs INDEX  [SQL_Execution]
qerixRelease INDEX  [SQL_Execution]
qerixReleaseSelf INDEX  [SQL_Execution]
qerixRelease_kdifk INDEX  [SQL_Execution]
qerixRelease_kdixs INDEX  [SQL_Execution]
qerixRestoreChildRwo INDEX  [SQL_Execution]
qerixRestoreFetchState INDEX  [SQL_Execution]
qerixRestoreFetchState2 INDEX  [SQL_Execution]
qerixRootDescChangePartition INDEX  [SQL_Execution]
qerixRootDescInit INDEX  [SQL_Execution]
qerixSaveChildRwo INDEX  [SQL_Execution]
qerixSaveFetchState INDEX  [SQL_Execution]
qerixSaveFetchState2 INDEX  [SQL_Execution]
qerixStart INDEX  [SQL_Execution]
qerixTIGet INDEX  [SQL_Execution]
qerixTunnelGetKey INDEX  [SQL_Execution]
qerixfidr INDEX  [SQL_Execution]
qerixtFetch INDEX  [SQL_Execution]
qerjoAllocate NESTED LOOP OUTER  [SQL_Execution]
qerjoAllocateLHS NESTED LOOP OUTER  [SQL_Execution]
qerjoClose NESTED LOOP OUTER  [SQL_Execution]
qerjoCopyLHS NESTED LOOP OUTER  [SQL_Execution]
qerjoDisableNLJCbk NESTED LOOP OUTER  [SQL_Execution]
qerjoDisableNLJRws NESTED LOOP OUTER  [SQL_Execution]
qerjoFetch NESTED LOOP OUTER Fetch from join row source [SQL_Execution]
qerjoFreeLHS NESTED LOOP OUTER  [SQL_Execution]
qerjoGetDynOff NESTED LOOP OUTER  [SQL_Execution]
qerjoGetRightSort NESTED LOOP OUTER  [SQL_Execution]
qerjoPassthru NESTED LOOP OUTER  [SQL_Execution]
qerjoPreserveLHS NESTED LOOP OUTER  [SQL_Execution]
qerjoResolveDynamic NESTED LOOP OUTER  [SQL_Execution]
qerjoRestoreLHS NESTED LOOP OUTER  [SQL_Execution]
qerjoRestoreMethod NESTED LOOP OUTER  [SQL_Execution]
qerjoRowProcedure NESTED LOOP OUTER  [SQL_Execution]
qerjoSaveMethod NESTED LOOP OUTER  [SQL_Execution]
qerjoStart NESTED LOOP OUTER  [SQL_Execution]
qerjosIsNLCartesian NESTED LOOP OUTER  [SQL_Execution]
qerjotFetch Row Source: join - tunneling fetch NESTED LOOP JOIN  [SQL_Execution]
qerjotRelease NESTED LOOP JOIN  [SQL_Execution]
qerjotRowProc NESTED LOOP JOIN  [SQL_Execution]
qerleAllocate LINEAR EXECUTION  IMPLEMENTATION  [SQL_Execution]
qerleStart LINEAR EXECUTION  IMPLEMENTATION  [SQL_Execution]
qerliAllocate PARALLEL CREATE INDEX  [SQL_Execution]
qerliClose PARALLEL CREATE INDEX  [SQL_Execution]
qerliFetch PARALLEL CREATE INDEX fetch [SQL_Execution]
qerliIaxsa PARALLEL CREATE INDEX  [SQL_Execution]
qerliInfo PARALLEL CREATE INDEX  [SQL_Execution]
qerliIotCtasRop PARALLEL CREATE INDEX  [SQL_Execution]
qerliRop PARALLEL CREATE INDEX  [SQL_Execution]
qerliStart PARALLEL CREATE INDEX  [SQL_Execution]
qerli_ciasgenc PARALLEL CREATE INDEX  [SQL_Execution]
qerli_cin_crt_idx_seg PARALLEL CREATE INDEX  [SQL_Execution]
qerli_dsnc PARALLEL CREATE INDEX  [SQL_Execution]
qerli_judge_online PARALLEL CREATE INDEX  [SQL_Execution]
qerltAllocate [SQL_Execution] LOAD TABLE
qerltCheckRow [SQL_Execution] LOAD TABLE
qerltClose [SQL_Execution] LOAD TABLE
qerltFRop [SQL_Execution] LOAD TABLE
qerltFast [SQL_Execution] LOAD TABLE
qerltFetch [SQL_Execution] Query Execution Row source Load Table - Fetch LOAD TABLE
qerltGetRowProc [SQL_Execution] LOAD TABLE
qerltGetStgdef [SQL_Execution] LOAD TABLE
qerltIDLM [SQL_Execution] LOAD TABLE
qerltIDLS [SQL_Execution] LOAD TABLE
qerltInfo_kctph [SQL_Execution] LOAD TABLE
qerltInitAdjunct [SQL_Execution] LOAD TABLE
qerltInitColInfo [SQL_Execution] LOAD TABLE
qerltOolColInfoIter_Init [SQL_Execution] LOAD TABLE
qerltOolColInfoIter_Next [SQL_Execution] LOAD TABLE
qerltPAllocate [SQL_Execution] LOAD TABLE
qerltPushStats [SQL_Execution] LOAD TABLE
qerltRop [SQL_Execution] LOAD TABLE ROw Procedure callback
qerltSendFileInfo [SQL_Execution] LOAD TABLE
qerltStart [SQL_Execution] LOAD TABLE
qerltTTCreate [SQL_Execution] LOAD TABLE
qerltTabRes [SQL_Execution] LOAD TABLE
qerltWritePtnInfoToStream [SQL_Execution] LOAD TABLE
qerlt_ape [SQL_Execution] LOAD TABLE
qerlt_isr [SQL_Execution] LOAD TABLE
qerlt_lsa [SQL_Execution] LOAD TABLE
qerlt_lsa_cbk [SQL_Execution] LOAD TABLE
qerlt_olev [SQL_Execution] LOAD TABLE QERLT Out-of-Line columns, EValuate and stash away
qerlt_snv [SQL_Execution] LOAD TABLE QERLT Stash away New Values
qerltcAddUserIterationtoHash [SQL_Execution] LOAD TABLE
qerltcAllocate [SQL_Execution] LOAD TABLE
qerltcBatchErrorSetup [SQL_Execution] LOAD TABLE
qerltcBufRow [SQL_Execution] LOAD TABLE
qerltcCheckInitKdtBuffering [SQL_Execution] LOAD TABLE
qerltcClose [SQL_Execution] LOAD TABLE
qerltcDumpRowSourceState [SQL_Execution] LOAD TABLE
qerltcEndLoadCallback [SQL_Execution] LOAD TABLE
qerltcEndLoadProcessing [SQL_Execution] LOAD TABLE
qerltcErrorHandlingSetup [SQL_Execution] LOAD TABLE
qerltcFetch [SQL_Execution] LOAD TABLE
qerltcFlushBufferCbk [SQL_Execution] LOAD TABLE
qerltcFlushKdtBuffer [SQL_Execution] LOAD TABLE
qerltcFreeMemory [SQL_Execution] LOAD TABLE
qerltcGetRowOperandsEvalProcedure [SQL_Execution] LOAD TABLE
qerltcHashAllocCB [SQL_Execution] LOAD TABLE
qerltcHashCompareCB [SQL_Execution] LOAD TABLE
qerltcHashDelMapCB [SQL_Execution] LOAD TABLE
qerltcHashFreeCB [SQL_Execution] LOAD TABLE
qerltcHashHashCB [SQL_Execution] LOAD TABLE
qerltcInsRowCBK [SQL_Execution] LOAD TABLE
qerltcInsertErrProcessKdtB [SQL_Execution] LOAD TABLE
qerltcInsertErrProcessKdtRow [SQL_Execution] LOAD TABLE
qerltcInsertSelectRop [SQL_Execution] LOAD TABLE
qerltcInsertValues [SQL_Execution] LOAD TABLE
qerltcKdtBufferedInsRowCBK [SQL_Execution] LOAD TABLE
qerltcLoadRowCallback [SQL_Execution] LOAD TABLE
qerltcLoadStateMachine [SQL_Execution] LOAD TABLE
qerltcLogBatchError [SQL_Execution] LOAD TABLE
qerltcNoKdtBufferedInsRowCBK [SQL_Execution] LOAD TABLE
qerltcPerformErrorRollback [SQL_Execution] LOAD TABLE
qerltcPostInsertProcessing [SQL_Execution] LOAD TABLE
qerltcRestoreCurrentRow [SQL_Execution] LOAD TABLE
qerltcRowErrorCleanUp [SQL_Execution] LOAD TABLE
qerltcRowProcessingErrorHandler [SQL_Execution] LOAD TABLE
qerltcRuntimeSetup [SQL_Execution] LOAD TABLE
qerltcSaveCurrentRow [SQL_Execution] LOAD TABLE
qerltcSendStatusRows [SQL_Execution] LOAD TABLE
qerltcSetupMutablePart [SQL_Execution] LOAD TABLE
qerltcSetupOerdef [SQL_Execution] LOAD TABLE
qerltcSimpleSingleInsRowCBK [SQL_Execution] LOAD TABLE
qerltcSingleRowLoad [SQL_Execution] LOAD TABLE
qerltcStart [SQL_Execution] LOAD TABLE
qerltcUserIterArrayBuild [SQL_Execution] LOAD TABLE
qerltcUserIterGet [SQL_Execution] LOAD TABLE
qerltdsrDumpStatusRow [SQL_Execution] LOAD TABLE
qerltefie [SQL_Execution] LOAD TABLE
qerltgsrGenStatusRow [SQL_Execution] LOAD TABLE
qerltssrSendStatusRow [SQL_Execution] LOAD TABLE
qerlxtProcessRow [SQL_Execution]
qernsAllocate GROUP BY NO SORT  [SQL_Execution]
qernsClose GROUP BY NO SORT  [SQL_Execution]
qernsFetch GROUP BY NO SORT  [SQL_Execution]
qernsRelease GROUP BY NO SORT  [SQL_Execution]
qernsRowP GROUP BY NO SORT  [SQL_Execution]
qernsStart GROUP BY NO SORT  [SQL_Execution]
qerocAllocate OBJECT COLLECTION ITERATOR  [SQL_Execution]
qerocClose OBJECT COLLECTION ITERATOR  [SQL_Execution]
qerocCloseReal OBJECT COLLECTION ITERATOR  [SQL_Execution]
qerocConvertToSQL OBJECT COLLECTION ITERATOR  [SQL_Execution]
qerocCreate OBJECT COLLECTION ITERATOR  [SQL_Execution]
qerocDirCallExec OBJECT COLLECTION ITERATOR  [SQL_Execution]
qerocDirCallSetup OBJECT COLLECTION ITERATOR  [SQL_Execution]
qerocFetch OBJECT COLLECTION ITERATOR  [SQL_Execution]
qerocGetNoofOperands OBJECT COLLECTION ITERATOR  [SQL_Execution]
qerocGetRowVector OBJECT COLLECTION ITERATOR  [SQL_Execution]
qerocImageIterStart OBJECT COLLECTION ITERATOR  [SQL_Execution]
qerocInitGarbageCollection OBJECT COLLECTION ITERATOR  [SQL_Execution]
qerocInvokeFetchCallout OBJECT COLLECTION ITERATOR  [SQL_Execution]
qerocPassImgconvFlg OBJECT COLLECTION ITERATOR  [SQL_Execution]
qerocPickle OBJECT COLLECTION ITERATOR  [SQL_Execution]
qerocPickleScalar OBJECT COLLECTION ITERATOR  [SQL_Execution]
qerocPipe OBJECT COLLECTION ITERATOR  [SQL_Execution]
qerocPipeScalars OBJECT COLLECTION ITERATOR  [SQL_Execution]
qerocPlsFetch OBJECT COLLECTION ITERATOR  [SQL_Execution]
qerocPlsStart OBJECT COLLECTION ITERATOR  [SQL_Execution]
qerocPostAllocate OBJECT COLLECTION ITERATOR  [SQL_Execution]
qerocPrepareToConvert OBJECT COLLECTION ITERATOR  [SQL_Execution]
qerocRelease OBJECT COLLECTION ITERATOR  [SQL_Execution]
qerocRowP OBJECT COLLECTION ITERATOR  [SQL_Execution]
qerocStart OBJECT COLLECTION ITERATOR  [SQL_Execution]
qerocSubqueryIterStart OBJECT COLLECTION ITERATOR  [SQL_Execution]
qerocTabFuncPrepare OBJECT COLLECTION ITERATOR  [SQL_Execution]
qerocTempLobUpgrade OBJECT COLLECTION ITERATOR  [SQL_Execution]
qerocTempLobUpgrade2 OBJECT COLLECTION ITERATOR  [SQL_Execution]
qerocUnpickle OBJECT COLLECTION ITERATOR  [SQL_Execution]
qerocXMLSeqCurFetch OBJECT COLLECTION ITERATOR  [SQL_Execution]
qerocXMLSeqFetch OBJECT COLLECTION ITERATOR  [SQL_Execution]
qerocXQSeqFetch OBJECT COLLECTION ITERATOR  [SQL_Execution]
qerocXQWindowSeqFetch OBJECT COLLECTION ITERATOR  [SQL_Execution]
qeroc_copynum OBJECT COLLECTION ITERATOR  [SQL_Execution]
qeroc_isdatetime OBJECT COLLECTION ITERATOR  [SQL_Execution]
qerocapClose OBJECT COLLECTION ITERATOR  [SQL_Execution]
qerocapFetch OBJECT COLLECTION ITERATOR  [SQL_Execution]
qerocapStart OBJECT COLLECTION ITERATOR  [SQL_Execution]
qeroccFetch OBJECT COLLECTION ITERATOR  [SQL_Execution]
qerocicc OBJECT COLLECTION ITERATOR  [SQL_Execution]
qerocifc OBJECT COLLECTION ITERATOR  [SQL_Execution]
qerocisc OBJECT COLLECTION ITERATOR  [SQL_Execution]
qerocnClose OBJECT COLLECTION ITERATOR  [SQL_Execution]
qerocnFetch OBJECT COLLECTION ITERATOR  [SQL_Execution]
qerocpAllocate OBJECT COLLECTION ITERATOR  [SQL_Execution]
qerocpClose OBJECT COLLECTION ITERATOR  [SQL_Execution]
qerocpFetch OBJECT COLLECTION ITERATOR  [SQL_Execution]
qerocpStart OBJECT COLLECTION ITERATOR  [SQL_Execution]
qerocpcl OBJECT COLLECTION ITERATOR  [SQL_Execution]
qerocplFetch OBJECT COLLECTION ITERATOR  [SQL_Execution]
qerocpoFetch OBJECT COLLECTION ITERATOR  [SQL_Execution]
qerocsFetch OBJECT COLLECTION ITERATOR  [SQL_Execution]
qeroiAllocate EXTENSIBLE INDEXING QUERY COMPONENT  [SQL_Execution]
qeroiAllocatePart EXTENSIBLE INDEXING QUERY COMPONENT  [SQL_Execution]
qeroiClose EXTENSIBLE INDEXING QUERY COMPONENT  [SQL_Execution]
qeroiDirInit EXTENSIBLE INDEXING QUERY COMPONENT  [SQL_Execution]
qeroiFastEndPart EXTENSIBLE INDEXING QUERY COMPONENT  [SQL_Execution]
qeroiFetch EXTENSIBLE INDEXING QUERY COMPONENT  [SQL_Execution]
qeroiFirstPart EXTENSIBLE INDEXING QUERY COMPONENT  [SQL_Execution]
qeroiPickleUsctx EXTENSIBLE INDEXING QUERY COMPONENT  [SQL_Execution]
qeroiPipe EXTENSIBLE INDEXING QUERY COMPONENT  [SQL_Execution]
qeroiStart EXTENSIBLE INDEXING QUERY COMPONENT  [SQL_Execution]
qeroiXdbhiDepth EXTENSIBLE INDEXING QUERY COMPONENT  [SQL_Execution]
qeroiXdbhiFbv EXTENSIBLE INDEXING QUERY COMPONENT  [SQL_Execution]
qeroiXdbhiPath EXTENSIBLE INDEXING QUERY COMPONENT  [SQL_Execution]
qeroi_get_fbk_scn EXTENSIBLE INDEXING QUERY COMPONENT  [SQL_Execution]
qeroi_iot_pk_fill EXTENSIBLE INDEXING QUERY COMPONENT  [SQL_Execution]
qeroi_ridconv EXTENSIBLE INDEXING QUERY COMPONENT  [SQL_Execution]
qeroi_setScore EXTENSIBLE INDEXING QUERY COMPONENT  [SQL_Execution]
qeroi_str2rid EXTENSIBLE INDEXING QUERY COMPONENT  [SQL_Execution]
qeroicco EXTENSIBLE INDEXING QUERY COMPONENT  [SQL_Execution]
qeroicfo EXTENSIBLE INDEXING QUERY COMPONENT  [SQL_Execution]
qeroicii EXTENSIBLE INDEXING QUERY COMPONENT  [SQL_Execution]
qeroicso EXTENSIBLE INDEXING QUERY COMPONENT  [SQL_Execution]
qeroifalo EXTENSIBLE INDEXING QUERY COMPONENT  [SQL_Execution]
qeroifcc EXTENSIBLE INDEXING QUERY COMPONENT  [SQL_Execution] QEROI Fast Call Close
qeroifcf EXTENSIBLE INDEXING QUERY COMPONENT  [SQL_Execution]
qeroifcsu EXTENSIBLE INDEXING QUERY COMPONENT  [SQL_Execution] QEROI Fast Call Switch User
qeroifgoe EXTENSIBLE INDEXING QUERY COMPONENT  [SQL_Execution]
qeroiifm EXTENSIBLE INDEXING QUERY COMPONENT  [SQL_Execution]
qeroiirc EXTENSIBLE INDEXING QUERY COMPONENT  [SQL_Execution] QEROI Invoke Rowsource Close
qeroisfm EXTENSIBLE INDEXING QUERY COMPONENT  [SQL_Execution]
qeroisfs EXTENSIBLE INDEXING QUERY COMPONENT  [SQL_Execution]
qerpfActive QUERY EXECUTION PREFETCH  [SQL_Execution]
qerpfAllocate QUERY EXECUTION PREFETCH  [SQL_Execution]
qerpfBeneficial QUERY EXECUTION PREFETCH  [SQL_Execution]
qerpfChildOpnMutRestore QUERY EXECUTION PREFETCH  [SQL_Execution]
qerpfChildOpnMutSave QUERY EXECUTION PREFETCH  [SQL_Execution]
qerpfClose QUERY EXECUTION PREFETCH  [SQL_Execution]
qerpfDecPFCcnt QUERY EXECUTION PREFETCH  [SQL_Execution]
qerpfFetch QUERY EXECUTION PREFETCH  [SQL_Execution]
qerpfGet QUERY EXECUTION PREFETCH  [SQL_Execution]
qerpfInit QUERY EXECUTION PREFETCH  [SQL_Execution]
qerpfLast QUERY EXECUTION PREFETCH  [SQL_Execution]
qerpfLoad QUERY EXECUTION PREFETCH  [SQL_Execution]
qerpfMore QUERY EXECUTION PREFETCH  [SQL_Execution]
qerpfO2T QUERY EXECUTION PREFETCH  [SQL_Execution]
qerpfPossible QUERY EXECUTION PREFETCH  [SQL_Execution]
qerpfPrefetch QUERY EXECUTION PREFETCH  [SQL_Execution]
qerpfRealFetch QUERY EXECUTION PREFETCH  [SQL_Execution]
qerpfReinit QUERY EXECUTION PREFETCH  [SQL_Execution]
qerpfRelease QUERY EXECUTION PREFETCH  [SQL_Execution]
qerpfRemove QUERY EXECUTION PREFETCH  [SQL_Execution]
qerpfRowProc QUERY EXECUTION PREFETCH  [SQL_Execution]
qerpfSetPrefetchSize QUERY EXECUTION PREFETCH  [SQL_Execution]
qerpfSpace QUERY EXECUTION PREFETCH  [SQL_Execution]
qerpfStart QUERY EXECUTION PREFETCH  [SQL_Execution]
qerpfToPrefetch QUERY EXECUTION PREFETCH  [SQL_Execution]
qerpxAllocTmpExtent PARALLELIZER  [SQL_Execution]
qerpxAllocate PARALLELIZER  [SQL_Execution]
qerpxBindGoSerialTest PARALLELIZER  [SQL_Execution]
qerpxBjiASO PARALLELIZER  [SQL_Execution]
qerpxCanReuseSlaveGroup PARALLELIZER  [SQL_Execution]
qerpxClearMutableHBro PARALLELIZER  [SQL_Execution]
qerpxClearTree PARALLELIZER  [SQL_Execution]
qerpxClose PARALLELIZER  [SQL_Execution]
qerpxDynOpt PARALLELIZER  [SQL_Execution]
qerpxDynOptTest PARALLELIZER  [SQL_Execution]
qerpxEndGranule PARALLELIZER  [SQL_Execution]
qerpxFetch PARALLELIZER  [SQL_Execution] [Parallel_Execution]
qerpxFreeProtoState PARALLELIZER  [SQL_Execution]
qerpxGdefAdd PARALLELIZER  [SQL_Execution]
qerpxGetDataObjectMaxCount PARALLELIZER  [SQL_Execution]
qerpxGetInstSlvInfo PARALLELIZER  [SQL_Execution]
qerpxGetPredicates PARALLELIZER  [SQL_Execution]
qerpxGetProtoState PARALLELIZER  [SQL_Execution]
qerpxGetUserSQL PARALLELIZER  [SQL_Execution]
qerpxInitialize PARALLELIZER  [SQL_Execution]
qerpxInsLatches PARALLELIZER  [SQL_Execution]
qerpxIsForcedSerial PARALLELIZER  [SQL_Execution]
qerpxMObjVecInit PARALLELIZER  [SQL_Execution]
qerpxMtiObjSetup PARALLELIZER  [SQL_Execution]
qerpxObjectSamplingPct PARALLELIZER  [SQL_Execution]
qerpxObjectSmpRop PARALLELIZER  [SQL_Execution]
qerpxObjectSmpRopRowsets PARALLELIZER  [SQL_Execution]
qerpxPdmlInit PARALLELIZER  [SQL_Execution]
qerpxPostAllocate PARALLELIZER  [SQL_Execution]
qerpxPrepTempTables PARALLELIZER  [SQL_Execution]
qerpxPutInstSlvInfo PARALLELIZER  [SQL_Execution]
qerpxReplyAfterLastMsg PARALLELIZER  [SQL_Execution]
qerpxSGatherDMLInfo PARALLELIZER  [SQL_Execution]
qerpxSGatherGdefObjdef PARALLELIZER  [SQL_Execution]
qerpxSObjAdd PARALLELIZER  [SQL_Execution]
qerpxSObjGdefVecInit PARALLELIZER  [SQL_Execution]
qerpxSObjIter PARALLELIZER  [SQL_Execution]
qerpxSendExecute PARALLELIZER  [SQL_Execution]
qerpxSendNextGranule PARALLELIZER  [SQL_Execution]
qerpxSendParse PARALLELIZER  [SQL_Execution] [Parallel_Execution]
qerpxSetExecutionContext PARALLELIZER  [SQL_Execution]
qerpxSgAssign PARALLELIZER  [SQL_Execution]
qerpxSlaveFetch PARALLELIZER  [SQL_Execution] [Parallel_Execution]
qerpxSlaveObjectSampling PARALLELIZER  [SQL_Execution]
qerpxSlaveStart PARALLELIZER  [SQL_Execution]
qerpxSlaveTxnJoin PARALLELIZER  [SQL_Execution]
qerpxStart PARALLELIZER  [SQL_Execution] [Parallel_Execution]
qerpxUnPrepTempTables PARALLELIZER  [SQL_Execution]
qerpx_close PARALLELIZER  [SQL_Execution]
qerpx_dfo PARALLELIZER  [SQL_Execution]
qerpx_first_dfo PARALLELIZER  [SQL_Execution]
qerpx_next_dfo PARALLELIZER  [SQL_Execution]
qerpx_open PARALLELIZER  [SQL_Execution]
qerpx_resume PARALLELIZER  [SQL_Execution]
qerpx_rowsrc_start PARALLELIZER  [SQL_Execution] [Parallel_Execution]
qerpx_start PARALLELIZER  [SQL_Execution]
qerpx_stop PARALLELIZER  [SQL_Execution]
qerpx_trace PARALLELIZER  [SQL_Execution]
qerpxcHandleClientCallback PARALLELIZER  [SQL_Execution]
qerpxikInitKxfqr PARALLELIZER  [SQL_Execution]
qerpxmdmp PARALLELIZER  [SQL_Execution]
qerpxqbas PARALLELIZER  [SQL_Execution]
qerpxqropn PARALLELIZER  [SQL_Execution]
qerpxsInitializePreFilter PARALLELIZER  [SQL_Execution]
qerpxsdmp PARALLELIZER  [SQL_Execution]
qerpxtqhdestruct PARALLELIZER  [SQL_Execution]
qerrmAllocate REMOTE  [SQL_Execution]
qerrmApcl REMOTE  [SQL_Execution]
qerrmClose REMOTE  [SQL_Execution]
qerrmCreateQB REMOTE  [SQL_Execution]
qerrmFBd REMOTE  [SQL_Execution]
qerrmFBu REMOTE  [SQL_Execution]
qerrmFDf REMOTE  [SQL_Execution]
qerrmFFB REMOTE  [SQL_Execution]
qerrmFetch REMOTE  [SQL_Execution]
qerrmLoc REMOTE  [SQL_Execution]
qerrmOBLPop REMOTE  [SQL_Execution]
qerrmOFBu REMOTE  [SQL_Execution]
qerrmOStart REMOTE  [SQL_Execution]
qerrmObcl REMOTE  [SQL_Execution]
qerrmObnd REMOTE  [SQL_Execution]
qerrmOcl REMOTE  [SQL_Execution]
qerrmOclear REMOTE  [SQL_Execution]
qerrmOdcb REMOTE  [SQL_Execution]
qerrmOdcl REMOTE  [SQL_Execution]
qerrmOdfn REMOTE  [SQL_Execution]
qerrmOerf REMOTE  [SQL_Execution]
qerrmOfdfn REMOTE  [SQL_Execution]
qerrmOieb REMOTE  [SQL_Execution]
qerrmOiebCbk REMOTE  [SQL_Execution]
qerrmOpcl REMOTE  [SQL_Execution]
qerrmOpfr REMOTE  [SQL_Execution]
qerrmOxe2i REMOTE  [SQL_Execution]
qerrmOxi2e REMOTE  [SQL_Execution]
qerrmPFR REMOTE  [SQL_Execution]
qerrmPut REMOTE  [SQL_Execution]
qerrmRDf REMOTE  [SQL_Execution]
qerrmRDfa REMOTE  [SQL_Execution]
qerrmSBd REMOTE  [SQL_Execution]
qerrmStart REMOTE  [SQL_Execution]
qerrmSwitch REMOTE  [SQL_Execution]
qerrmSwitchCallback REMOTE  [SQL_Execution]
qerrmSwitchCallbackSys REMOTE  [SQL_Execution]
qerrmSzr REMOTE  [SQL_Execution]
qerrmsati REMOTE  [SQL_Execution]
qerseAllocate SET IMPLEMENTATION  [SQL_Execution]
qerseClose SET IMPLEMENTATION  [SQL_Execution]
qerseCompare SET IMPLEMENTATION  [SQL_Execution]
qerseEvaluateOperands SET IMPLEMENTATION  [SQL_Execution]
qerseFetch SET IMPLEMENTATION  [SQL_Execution]
qerseRelease SET IMPLEMENTATION  [SQL_Execution]
qerseRowProcedure SET IMPLEMENTATION  [SQL_Execution]
qerseSetRWO SET IMPLEMENTATION  [SQL_Execution]
qerseStart SET IMPLEMENTATION  [SQL_Execution]
qersoAllocate SORT  [SQL_Execution]
qersoClose SORT  [SQL_Execution]
qersoCompare SORT  [SQL_Execution]
qersoCursorEnd SORT  [SQL_Execution]
qersoFKeyCompare SORT  [SQL_Execution]
qersoFetch [SQL_Execution] QERSO: Fetch from a sort row source
qersoFetchSimple SORT  [SQL_Execution]
qersoGetNextRow SORT  [SQL_Execution]
qersoInitTopN SORT  [SQL_Execution]
qersoLCRowP SORT  [SQL_Execution]
qersoPassThruFetch SORT  [SQL_Execution]
qersoPassThruFetchRowP SORT  [SQL_Execution]
qersoProcessFirstULS SORT  [SQL_Execution]
qersoProcessULS SORT process underlying row source [SQL_Execution]
qersoQBCompare SORT  [SQL_Execution]
qersoRelease SORT  [SQL_Execution]
qersoRestoreMuts SORT  [SQL_Execution]
qersoRowP SORT  [SQL_Execution]
qersoRowPRowsets SORT  [SQL_Execution]
qersoSORowP SORT  [SQL_Execution]
qersoSORowPRowsets SORT  [SQL_Execution]
qersoSaveMuts SORT  [SQL_Execution]
qersoSendSyncSpillMsgOk SORT  [SQL_Execution]
qersoStart SORT  [SQL_Execution]
qersoSyncFinal SORT  [SQL_Execution]
qersoSyncInit SORT  [SQL_Execution]
qersoSyncProcess SORT  [SQL_Execution]
qersoSyncReceiveResults SORT  [SQL_Execution]
qersoSyncReply SORT  [SQL_Execution]
qersoSyncSpillCbk SORT  [SQL_Execution]
qersoSyncSpillCheck SORT  [SQL_Execution]
qersoSyncSpillEnd SORT  [SQL_Execution]
qersoSyncSpillSet SORT  [SQL_Execution]
qersqAllocate SEQUENCE NUMBER  [SQL_Execution]
qersqCloseRemote SEQUENCE NUMBER  [SQL_Execution]
qersqCloseRemoteCB SEQUENCE NUMBER  [SQL_Execution]
qersqFetch SEQUENCE NUMBER  [SQL_Execution]
qersqPopulate SEQUENCE NUMBER  [SQL_Execution]
qersqRemoteSequenceFetch SEQUENCE NUMBER  [SQL_Execution]
qersqRowProcedure SEQUENCE NUMBER  [SQL_Execution]
qersqStart SEQUENCE NUMBER  [SQL_Execution]
qersqrfc SEQUENCE NUMBER  [SQL_Execution]
qerstAllocate QUERY EXECUTION STATISTICS  [SQL_Execution]
qerstComputeNextThreshold QUERY EXECUTION STATISTICS  [SQL_Execution]
qerstFetch QUERY EXECUTION STATISTICS  [SQL_Execution]
qerstInitialize QUERY EXECUTION STATISTICS  [SQL_Execution]
qerstPack QUERY EXECUTION STATISTICS  [SQL_Execution]
qerstQPC QUERY EXECUTION STATISTICS  [SQL_Execution]
qerstRestore QUERY EXECUTION STATISTICS  [SQL_Execution]
qerstRowP QUERY EXECUTION STATISTICS  [SQL_Execution]
qerstSave QUERY EXECUTION STATISTICS  [SQL_Execution]
qerstSaveStats QUERY EXECUTION STATISTICS  [SQL_Execution]
qerstSnapStats QUERY EXECUTION STATISTICS  [SQL_Execution]
qerstStart QUERY EXECUTION STATISTICS  [SQL_Execution]
qerstUnpack QUERY EXECUTION STATISTICS  [SQL_Execution]
qerstUpdateStats QUERY EXECUTION STATISTICS  [SQL_Execution]
qertbAllocIOBatchingRwo TABLE ACCESS  [SQL_Execution]
qertbAllocate TABLE ACCESS  [SQL_Execution]
qertbAllocatePartitioningInfo TABLE ACCESS  [SQL_Execution]
qertbCanEvaluateUnderCRXCbk TABLE ACCESS  [SQL_Execution]
qertbCheckExtentMapFilter TABLE ACCESS  [SQL_Execution]
qertbClose TABLE ACCESS  [SQL_Execution]
qertbEvaluateExtentMapFilter TABLE ACCESS  [SQL_Execution]
qertbFetch QERTB: FetCH procedure of table row source for scans TABLE ACCESS  [SQL_Execution]
qertbFetchByRowID TABLE ACCESS  [SQL_Execution] using underlying row source, fetch by rowid or cluster key
qertbFetchByRowID_FDA TABLE ACCESS  [SQL_Execution]
qertbFilter TABLE ACCESS  [SQL_Execution]
qertbForceKafPruning TABLE ACCESS  [SQL_Execution]
qertbGetPartitionNumber TABLE ACCESS  [SQL_Execution]
qertbGetnFilFbtInsdel TABLE ACCESS  [SQL_Execution]
qertbGetnFilRowScn TABLE ACCESS  [SQL_Execution]
qertbIAllocate TABLE ACCESS  [SQL_Execution]
qertbIsMutatingTable TABLE ACCESS  [SQL_Execution]
qertbIsStorageOpn TABLE ACCESS  [SQL_Execution]
qertbItOpen TABLE ACCESS  [SQL_Execution]
qertbItSize TABLE ACCESS  [SQL_Execution]
qertbProcessExtentMapFilter TABLE ACCESS  [SQL_Execution]
qertbProcessFailedProjectionPruning TABLE ACCESS  [SQL_Execution]
qertbRangeMap TABLE ACCESS  [SQL_Execution]
qertbRangeValid TABLE ACCESS  [SQL_Execution]
qertbRegisterSageOpns TABLE ACCESS  [SQL_Execution]
qertbRegisterStorageOpn TABLE ACCESS  [SQL_Execution]
qertbRelease TABLE ACCESS  [SQL_Execution]
qertbRestoreFetchState TABLE ACCESS  [SQL_Execution]
qertbRestoreFetchState2 TABLE ACCESS  [SQL_Execution]
qertbRestoreMethod TABLE ACCESS  [SQL_Execution]
qertbRowidMap TABLE ACCESS  [SQL_Execution]
qertbSameDBA TABLE ACCESS  [SQL_Execution]
qertbSaveFetchState TABLE ACCESS  [SQL_Execution]
qertbSaveFetchState2 TABLE ACCESS  [SQL_Execution]
qertbSaveMethod TABLE ACCESS  [SQL_Execution]
qertbSetRowidForZMOpt TABLE ACCESS  [SQL_Execution]
qertbSplitFilter TABLE ACCESS  [SQL_Execution]
qertbStart TABLE ACCESS  [SQL_Execution]
qertbStart_FDA TABLE ACCESS  [SQL_Execution]
qertbTTGet TABLE ACCESS  [SQL_Execution]
qertbVisitSageOpns TABLE ACCESS  [SQL_Execution]
qertbqksopCbk TABLE ACCESS  [SQL_Execution]
qertqiAllocate TABLE QUEUE  [SQL_Execution]
qertqiClose TABLE QUEUE  [SQL_Execution]
qertqiDrain TABLE QUEUE  [SQL_Execution]
qertqiDrainAll TABLE QUEUE  [SQL_Execution]
qertqiDrainAllInternal TABLE QUEUE  [SQL_Execution]
qertqiDrainAllNoCbk TABLE QUEUE  [SQL_Execution]
qertqiFetch TABLE QUEUE  [SQL_Execution]
qertqiRelease TABLE QUEUE  [SQL_Execution]
qertqiStart TABLE QUEUE  [SQL_Execution]
qertqoAddPSRinfo TABLE QUEUE  [SQL_Execution]
qertqoAllocate TABLE QUEUE  [SQL_Execution] [Parallel_Execution]
qertqoBuildFormat TABLE QUEUE  [SQL_Execution] [Parallel_Execution]
qertqoClose TABLE QUEUE  [SQL_Execution]
qertqoDummyRop TABLE QUEUE  [SQL_Execution]
qertqoDummyRopRowsets TABLE QUEUE  [SQL_Execution]
qertqoDump TABLE QUEUE  [SQL_Execution]
qertqoEnq TABLE QUEUE  [SQL_Execution]
qertqoFetch TABLE QUEUE  [SQL_Execution] [Parallel_Execution]
qertqoFinalADM TABLE QUEUE  [SQL_Execution]
qertqoGCRop TABLE QUEUE  [SQL_Execution]
qertqoGetADPRDistributionMethod TABLE QUEUE  [SQL_Execution]
qertqoGetADWCDistributionMethod TABLE QUEUE  [SQL_Execution]
qertqoGetDistributionMethod TABLE QUEUE  [SQL_Execution]
qertqoGetDistributionMethodFromQC TABLE QUEUE  [SQL_Execution]
qertqoHandleADMReply TABLE QUEUE  [SQL_Execution]
qertqoInitADM TABLE QUEUE  [SQL_Execution]
qertqoInitRowDesc TABLE QUEUE  [SQL_Execution]
qertqoLazyOpen TABLE QUEUE  [SQL_Execution]
qertqoMarkNotification TABLE QUEUE  [SQL_Execution]
qertqoMarktq TABLE QUEUE  [SQL_Execution]
qertqoProcessADM TABLE QUEUE  [SQL_Execution]
qertqoRelease TABLE QUEUE  [SQL_Execution]
qertqoReplyADM TABLE QUEUE  [SQL_Execution]
qertqoRop TABLE QUEUE  [SQL_Execution]
qertqoRopDump TABLE QUEUE  [SQL_Execution]
qertqoRopSampling TABLE QUEUE  [SQL_Execution]
qertqoRopSamplingRowsets TABLE QUEUE  [SQL_Execution]
qertqoSetPam TABLE QUEUE  [SQL_Execution]
qertqoSetRangeProperties TABLE QUEUE  [SQL_Execution]
qertqoStart TABLE QUEUE  [SQL_Execution]
qertqosHSRequireUniHash TABLE QUEUE  [SQL_Execution]
qertqosHSUnifyHashFunc TABLE QUEUE  [SQL_Execution]
qertqosObjMd [Parallel_Execution]
qertqosPcolsPos TABLE QUEUE  [SQL_Execution]
qertqosSetNky TABLE QUEUE  [SQL_Execution]
qertqosSetPart TABLE QUEUE  [SQL_Execution]
qertqosSetProperties TABLE QUEUE  [SQL_Execution] [Parallel_Execution]
qertqotsNeedTransformXML TABLE QUEUE  [SQL_Execution]
qertqotsTransformTmpLob TABLE QUEUE  [SQL_Execution]
qertqotsrTransformRow TABLE QUEUE  [SQL_Execution]
qeruaAllocate UNION-ALL  [SQL_Execution]
qeruaClose UNION-ALL  [SQL_Execution]
qeruaFetch UNION-ALL  [SQL_Execution] Union ALL row source Fetch
qeruaRelease UNION-ALL  [SQL_Execution]
qeruaRowProcedure UNION-ALL  [SQL_Execution]
qeruaStart UNION-ALL  [SQL_Execution]
qeruacpy UNION-ALL  [SQL_Execution]
qerupAllocate UPDATE  [SQL_Execution]
qerupCubeRowProcedure UPDATE  [SQL_Execution]
qerupFetch QERUP: Update Row source FetCH [SQL_Execution]
qerupPAllocate UPDATE  [SQL_Execution]
qerupStart UPDATE  [SQL_Execution]
qerupStatus UPDATE  [SQL_Execution]
qerusAllocate UPSERT  [SQL_Execution]
qerusBjiIni UPSERT  [SQL_Execution]
qerusCOTHasVal UPSERT  [SQL_Execution]
qerusCOTTestColnum UPSERT  [SQL_Execution]
qerusELRop UPSERT  [SQL_Execution]
qerusEvalUpdWhere UPSERT  [SQL_Execution]
qerusFetch UPSERT  [SQL_Execution]
qerusRop UPSERT  [SQL_Execution]
qerusStart UPSERT  [SQL_Execution]
qerusStatus UPSERT  [SQL_Execution]
qervwAllocate VIEW  [SQL_Execution]
qervwFetch VIEW View row source - fetch [SQL_Execution]
qervwRelease VIEW  [SQL_Execution]
qervwRestoreViewBufPtrs [SQL_Execution]
qervwRowProcedure VIEW  [SQL_Execution]
qerwnAllocate WINDOW  [SQL_Execution]
qerwnCheckErrors WINDOW  [SQL_Execution]
qerwnClose WINDOW  [SQL_Execution]
qerwnCompare WINDOW  [SQL_Execution]
qerwnCompareEndPoints WINDOW  [SQL_Execution]
qerwnCompareKeysEqual WINDOW  [SQL_Execution]
qerwnCompareKeysEqualOBCB WINDOW  [SQL_Execution]
qerwnCompareRangeTQSampRows WINDOW  [SQL_Execution]
qerwnComputeEndPoints WINDOW  [SQL_Execution]
qerwnEndProcess WINDOW  [SQL_Execution]
qerwnFetch WINDOW  [SQL_Execution]
qerwnFinal WINDOW  [SQL_Execution]
qerwnGTEndProcess WINDOW  [SQL_Execution]
qerwnGTFinal WINDOW  [SQL_Execution]
qerwnGTInit WINDOW  [SQL_Execution]
qerwnGTPXSlave2QCProc WINDOW  [SQL_Execution]
qerwnGTProcess WINDOW  [SQL_Execution]
qerwnGTReceiveResults WINDOW  [SQL_Execution]
qerwnGTReply WINDOW  [SQL_Execution]
qerwnGetEndValue WINDOW  [SQL_Execution]
qerwnGetEndValueBufferSize WINDOW  [SQL_Execution]
qerwnInWindow WINDOW  [SQL_Execution]
qerwnInit WINDOW  [SQL_Execution]
qerwnInitMutableFlags WINDOW  [SQL_Execution]
qerwnInitTopRank WINDOW  [SQL_Execution]
qerwnInitWF WINDOW  [SQL_Execution]
qerwnIsTie WINDOW  [SQL_Execution]
qerwnNTILESlave2QCProc WINDOW  [SQL_Execution]
qerwnNV2ndPass WINDOW  [SQL_Execution]
qerwnNosortFetch WINDOW  [SQL_Execution]
qerwnNosortRowP WINDOW  [SQL_Execution]
qerwnPassThruFetch WINDOW  [SQL_Execution]
qerwnPassThruFetchRowP WINDOW  [SQL_Execution]
qerwnPrepareDate WINDOW  [SQL_Execution]
qerwnPrepareInterval WINDOW  [SQL_Execution]
qerwnProcN WINDOW  [SQL_Execution]
qerwnProcess WINDOW  [SQL_Execution]
qerwnReceiveResults WINDOW  [SQL_Execution]
qerwnRelease WINDOW  [SQL_Execution]
qerwnReply WINDOW  [SQL_Execution]
qerwnRowP WINDOW  [SQL_Execution]
qerwnSWEndProcess WINDOW  [SQL_Execution]
qerwnSWFinal WINDOW  [SQL_Execution]
qerwnSWInit WINDOW  [SQL_Execution]
qerwnSWPXComplementDenseRankWAs WINDOW  [SQL_Execution]
qerwnSWPXComputeLastRow WINDOW  [SQL_Execution]
qerwnSWPXConstructMsg WINDOW  [SQL_Execution]
qerwnSWPXCopyWorkAreas WINDOW  [SQL_Execution]
qerwnSWPXGenTrcMsgSql WINDOW  [SQL_Execution]
qerwnSWPXGetStartPosOfLastPartition WINDOW  [SQL_Execution]
qerwnSWPXInitRwm WINDOW  [SQL_Execution]
qerwnSWPXInitRws WINDOW  [SQL_Execution]
qerwnSWPXInitWorkAreas WINDOW  [SQL_Execution]
qerwnSWPXMergeWorkAreas WINDOW  [SQL_Execution]
qerwnSWPXPatchWiFSlave2QC WINDOW  [SQL_Execution]
qerwnSWPXProduceConsoRow WINDOW  [SQL_Execution]
qerwnSWPXResetWorkAreas WINDOW  [SQL_Execution]
qerwnSWPXSaveCurrentPartialWinAggs WINDOW  [SQL_Execution]
qerwnSWPXSetTieResInWorkAreas WINDOW  [SQL_Execution]
qerwnSWPXSlave2QCProc WINDOW  [SQL_Execution]
qerwnSWPXTraceMsg WINDOW  [SQL_Execution]
qerwnSWPXWinAggs2MSR WINDOW  [SQL_Execution]
qerwnSWProcess WINDOW  [SQL_Execution]
qerwnSWReceiveResults WINDOW  [SQL_Execution]
qerwnSWReply WINDOW  [SQL_Execution]
qerwnSendDummy WINDOW  [SQL_Execution]
qerwnStart WINDOW  [SQL_Execution]
qerwnWriteToDisk WINDOW  [SQL_Execution]
qerwn_LdiDateInterAdd WINDOW  [SQL_Execution]
qerwn_LdiDateInterSubtract WINDOW  [SQL_Execution]
qerwncAdaptiveWindowFetch WINDOW  [SQL_Execution]
qerwncAllocate WINDOW  [SQL_Execution]
qerwncBlockFetch WINDOW  [SQL_Execution]
qerwncBlockFetchRowP WINDOW  [SQL_Execution]
qerwncClose WINDOW  [SQL_Execution]
qerwncCompare WINDOW  [SQL_Execution]
qerwncEstimateHTIBPS WINDOW  [SQL_Execution]
qerwncFetch WINDOW  [SQL_Execution]
qerwncGenTrcSql WINDOW  [SQL_Execution]
qerwncInWindow WINDOW  [SQL_Execution]
qerwncInitHTI WINDOW  [SQL_Execution]
qerwncInitWF WINDOW  [SQL_Execution]
qerwncInitWiFSWG WINDOW  [SQL_Execution]
qerwncIsTie WINDOW  [SQL_Execution]
qerwncLargePowOf2Minus1 WINDOW  [SQL_Execution]
qerwncPassThruFetch WINDOW  [SQL_Execution]
qerwncPassThruFetchRowP WINDOW  [SQL_Execution]
qerwncPassThruFetchSerial WINDOW  [SQL_Execution]
qerwncPassThruFetchSerialRowP WINDOW  [SQL_Execution]
qerwncPerConsoRowLen WINDOW  [SQL_Execution]
qerwncRelease WINDOW  [SQL_Execution]
qerwncRowP WINDOW  [SQL_Execution]
qerwncSorIni WINDOW  [SQL_Execution]
qerwncStart WINDOW  [SQL_Execution]
qerwncTraceConsoRows WINDOW  [SQL_Execution]
qerwncUnpackMSR2CSR WINDOW  [SQL_Execution]
qerwncWiFConsolidation WINDOW  [SQL_Execution]
qerwneval_rep_invdist WINDOW  [SQL_Execution]
qerxtAgentOpen EXTERNAL TABLE FETCH   [SQL_Execution]
qerxtAllocate EXTERNAL TABLE FETCH   [SQL_Execution]
qerxtCBFetch EXTERNAL TABLE FETCH   [SQL_Execution]
qerxtClose EXTERNAL TABLE FETCH   [SQL_Execution]
qerxtFetch EXTERNAL TABLE FETCH   [SQL_Execution]
qerxtGetPredicates EXTERNAL TABLE FETCH   [SQL_Execution]
qerxtGetRefOffset EXTERNAL TABLE FETCH   [SQL_Execution]
qerxtIOWaitEventCBK EXTERNAL TABLE FETCH   [SQL_Execution]
qerxtIOWaitEventCommon EXTERNAL TABLE FETCH   [SQL_Execution]
qerxtIsActive EXTERNAL TABLE FETCH   [SQL_Execution]
qerxtProcessRows EXTERNAL TABLE FETCH   [SQL_Execution]
qerxtSameOrder EXTERNAL TABLE FETCH   [SQL_Execution]
qerxtStart EXTERNAL TABLE FETCH   [SQL_Execution]
qerxtirc EXTERNAL TABLE FETCH   [SQL_Execution]
qeshBufferAlloc [SQL_Execution]
qeshLoadRowForGBY [SQL_Execution]
qeshPTInsertURowForGBY [SQL_Execution]
qeshfFindFreeSlot [SQL_Execution]
qeshsAddChunk [SQL_Execution]
qeshsFindFreeSlot [SQL_Execution]
qesltcBeforeRowProcessing [SQL_Execution]
qesltcEvalOutofLineCols [SQL_Execution]
qesltcLoadIndexList [SQL_Execution]
qesltcLoadIndexes [SQL_Execution]
qesrcCM_Acquire [SQL_Execution]
qesrcCM_AddDO [SQL_Execution]
qesrcCM_AddDO_ [SQL_Execution]
qesrcCM_GlobalAdd [SQL_Execution]
qesrcCM_GlobalLoad [SQL_Execution]
qkaParallelize [SQL_Code_Generator]
qkaTableQueueTraverse [SQL_Code_Generator]
qkaTraverseQkn [SQL_Code_Generator]
qkaTraverseQknDescendents [SQL_Code_Generator]
qkabxo             Bitmap indeX Only
qkaconPreUA [SQL_Code_Generator]
qkadrv [SQL_Code_Generator] QKADRV: allocate query structures
qkadrv2 [SQL_Code_Generator]
qkadrv2Post [SQL_Code_Generator]
qkadrv2Pre [SQL_Code_Generator]
qkaffsindex [SQL_Code_Generator]
qkagby [SQL_Code_Generator]
qkajoi [SQL_Code_Generator] QKAJOI: Query Kernel Allocation: JOIn processing
qkanindex          qkanindex analyzes the usage of the argument
qkaqerbxalo BITMAP INDEX ACCESS  [SQL_Execution]
qkaqkn [SQL_Code_Generator] Query Kernel Allocation: RoW Source allocation
qkatab [SQL_Code_Generator] QKATAB: runtime allocation for base table row sources
qkebValidateOpn [SQL_Code_Generator]
qknDoRwsAllocate [SQL_Code_Generator]
qknRwsAllocateTree [SQL_Code_Generator]
qksanAnalyzeSegSql [SQL_Analyze]
qksanAnalyzeSql [SQL_Analyze]
qksanAnalyzeSqlConCbk [SQL_Analyze]
qksanExecSql [SQL_Analyze]
qksqbApplyToQbc    QKSQB Apply To Query Block
qksqbApplyToQbcLoc QKSQB Apply To Query Block (Local implementation
qksvcDoReplace [SQL_Virtual]
qksvcReplaceIndexExpr [SQL_Virtual]
qkswcDriver        WITH Clause execution: Recursively traverse through all query blocks
qmcxeEncEndElement [XDB_CSX]
qmcxeEncEvent_Helper [XDB_CSX]
qmcxeEncodeEvents [XDB_CSX]
qmcxeEncodeXobExt [XDB_CSX]
qmcxeFlushBuffer [XDB_CSX]
qmcxeWriteSimpleNode [XDB_CSX]
qmxtkEvalXML2SC [XML]
qsmoAlterPlans     QSMO ALTER PLANS driver
rpidru             RPI: setup memory for the recursive session (unclear)
rpidrus            RPI: Recursive program handling (unclear)
rpidrv             RPI: Recursive Program Interface DRiVer
rpiswu2            RPI: SWitch User in recursive sql
rwoima RoW Operand vector IMPlementation A
rwsfcd RWSIMA: fetch from row source
selexe             SELEXE: prepare context area for fetch
sighandler         ? Module Notes: Missing Information
skdstdst           Dump a Stack Trace
skgmstack          skgmstack - call specified function with extra STACK space
skgpnumcpu returns the number of CPUs
smbalo             SMBIMA: allocate an smkdef from specified storage bin
smbput             SMBIMA: put a record into the memory buffer.
sorputqb           SORt PUTQB:  Insert record into sort
sou2o              soseh - establish  exception handler
spefcmpa           Marshall Procedure arguments 
spefmccallstd      OSD C Calling Standard
ssexhd             # ** DUMP ROUTINE - IGNORE stuff above this on the stack
sspuser            SSPUSER: handle SIGUSR2 for ORACLE
ssthrdmain         Main for every thread in a threaded oracle
start              # C program entry point (IGNORE)
subsr3             subsr3 - evaluate SUBquery; Single Row subquery method 3
ttcpip             TTCPIP: Two Task Common PIPe read/write
updCheckConstraints [DML]
updConstraintsAndART [DML]
updThreePhaseExe [DML]
updaul updaul - UPDate Attempt Update of all rows or Lock all rows [DML]
updexe updexe - update execute
updrow Row Procedure used by KXRD to update or lock a row [DML]
upiah0             UPICDC: User Program Interface Attach to a HoSt
upiini             UPIPRV: Initialize the user program interface.
xsqerstDimGetDisVals QUERY EXECUTION STATISTICS  [SQL_Execution]
xsqerstFirstPass QUERY EXECUTION STATISTICS  [SQL_Execution]
xsqerstGetHLObjStats QUERY EXECUTION STATISTICS  [SQL_Execution]
xsqerstGetNumBlocks QUERY EXECUTION STATISTICS  [SQL_Execution]
xsqerstGetQdrOffset QUERY EXECUTION STATISTICS  [SQL_Execution]
xsqerstGetStr QUERY EXECUTION STATISTICS  [SQL_Execution]
xsqerstGetTotalRows QUERY EXECUTION STATISTICS  [SQL_Execution]
xsqerstInitCPX QUERY EXECUTION STATISTICS  [SQL_Execution]
xsqerstInitCtx QUERY EXECUTION STATISTICS  [SQL_Execution]
xsqerstProcLmts QUERY EXECUTION STATISTICS  [SQL_Execution]
xsqerstProcLogdef_i QUERY EXECUTION STATISTICS  [SQL_Execution]
xsqerstProcNode QUERY EXECUTION STATISTICS  [SQL_Execution]
xsqerstReleaseCtx QUERY EXECUTION STATISTICS  [SQL_Execution]
xsqerstRlsCPX QUERY EXECUTION STATISTICS  [SQL_Execution]
xsqerstSetStoredStats QUERY EXECUTION STATISTICS  [SQL_Execution]
xsqerstSetTblStats QUERY EXECUTION STATISTICS  [SQL_Execution]
xsqerstTdo QUERY EXECUTION STATISTICS  [SQL_Execution]
xsqerstUAtrGet QUERY EXECUTION STATISTICS  [SQL_Execution]
